start
the feat name is inter_feat
the feat name is item_feat
start
the feat name is inter_feat
the feat name is item_feat
start
the feat name is inter_feat
the feat name is item_feat
start
the feat name is inter_feat
the feat name is item_feat
start
the feat name is inter_feat
the feat name is item_feat
start
the feat name is inter_feat
the feat name is item_feat
start
the feat name is inter_feat
the feat name is item_feat
start
the feat name is inter_feat
the feat name is item_feat
Saved item details to /data/user_data/chunings/RecSys-Benchmark/RecBole/data_split/amzn-sports/s3rec_amzn-sports/item_details.csv
Saved item details to /data/user_data/chunings/RecSys-Benchmark/RecBole/data_split/amzn-sports/s3rec_amzn-sports/item_details.csv
Saved interaction data to /data/user_data/chunings/RecSys-Benchmark/RecBole/data_split/amzn-sports/s3rec_amzn-sports/train_interactions.csv
Saved interaction data to /data/user_data/chunings/RecSys-Benchmark/RecBole/data_split/amzn-sports/s3rec_amzn-sports/train_interactions.csv
Saved interaction data to /data/user_data/chunings/RecSys-Benchmark/RecBole/data_split/amzn-sports/s3rec_amzn-sports/valid_interactions.csv
Saved interaction data to /data/user_data/chunings/RecSys-Benchmark/RecBole/data_split/amzn-sports/s3rec_amzn-sports/valid_interactions.csv
Saved interaction data to /data/user_data/chunings/RecSys-Benchmark/RecBole/data_split/amzn-sports/s3rec_amzn-sports/test_interactions.csv
Saved interaction data to /data/user_data/chunings/RecSys-Benchmark/RecBole/data_split/amzn-sports/s3rec_amzn-sports/test_interactions.csv
Saved item details to /data/user_data/chunings/RecSys-Benchmark/RecBole/data_split/amzn-sports/s3rec_amzn-sports/item_details.csv
Saved item details to /data/user_data/chunings/RecSys-Benchmark/RecBole/data_split/amzn-sports/s3rec_amzn-sports/item_details.csv
Saved item details to /data/user_data/chunings/RecSys-Benchmark/RecBole/data_split/amzn-sports/s3rec_amzn-sports/item_details.csv
Saved item details to /data/user_data/chunings/RecSys-Benchmark/RecBole/data_split/amzn-sports/s3rec_amzn-sports/item_details.csv
Saved item details to /data/user_data/chunings/RecSys-Benchmark/RecBole/data_split/amzn-sports/s3rec_amzn-sports/item_details.csv
Saved item details to /data/user_data/chunings/RecSys-Benchmark/RecBole/data_split/amzn-sports/s3rec_amzn-sports/item_details.csv
Saved interaction data to /data/user_data/chunings/RecSys-Benchmark/RecBole/data_split/amzn-sports/s3rec_amzn-sports/train_interactions.csv
Saved interaction data to /data/user_data/chunings/RecSys-Benchmark/RecBole/data_split/amzn-sports/s3rec_amzn-sports/train_interactions.csv
Saved interaction data to /data/user_data/chunings/RecSys-Benchmark/RecBole/data_split/amzn-sports/s3rec_amzn-sports/train_interactions.csv
Saved interaction data to /data/user_data/chunings/RecSys-Benchmark/RecBole/data_split/amzn-sports/s3rec_amzn-sports/valid_interactions.csv
Saved interaction data to /data/user_data/chunings/RecSys-Benchmark/RecBole/data_split/amzn-sports/s3rec_amzn-sports/valid_interactions.csv
Saved interaction data to /data/user_data/chunings/RecSys-Benchmark/RecBole/data_split/amzn-sports/s3rec_amzn-sports/valid_interactions.csv
Saved interaction data to /data/user_data/chunings/RecSys-Benchmark/RecBole/data_split/amzn-sports/s3rec_amzn-sports/test_interactions.csv
Saved interaction data to /data/user_data/chunings/RecSys-Benchmark/RecBole/data_split/amzn-sports/s3rec_amzn-sports/train_interactions.csv
Saved interaction data to /data/user_data/chunings/RecSys-Benchmark/RecBole/data_split/amzn-sports/s3rec_amzn-sports/test_interactions.csv
Saved interaction data to /data/user_data/chunings/RecSys-Benchmark/RecBole/data_split/amzn-sports/s3rec_amzn-sports/train_interactions.csv
Saved interaction data to /data/user_data/chunings/RecSys-Benchmark/RecBole/data_split/amzn-sports/s3rec_amzn-sports/test_interactions.csv
Saved interaction data to /data/user_data/chunings/RecSys-Benchmark/RecBole/data_split/amzn-sports/s3rec_amzn-sports/valid_interactions.csv
Saved interaction data to /data/user_data/chunings/RecSys-Benchmark/RecBole/data_split/amzn-sports/s3rec_amzn-sports/valid_interactions.csv
Saved interaction data to /data/user_data/chunings/RecSys-Benchmark/RecBole/data_split/amzn-sports/s3rec_amzn-sports/test_interactions.csv
Saved interaction data to /data/user_data/chunings/RecSys-Benchmark/RecBole/data_split/amzn-sports/s3rec_amzn-sports/test_interactions.csv
Saved interaction data to /data/user_data/chunings/RecSys-Benchmark/RecBole/data_split/amzn-sports/s3rec_amzn-sports/train_interactions.csv
Saved interaction data to /data/user_data/chunings/RecSys-Benchmark/RecBole/data_split/amzn-sports/s3rec_amzn-sports/valid_interactions.csv
Saved interaction data to /data/user_data/chunings/RecSys-Benchmark/RecBole/data_split/amzn-sports/s3rec_amzn-sports/test_interactions.csv
Failed to load checkpoint at '/data/group_data/cx_group/REC/checkpoints/s3rec_amzn-sports/S3Rec-amzn-sports-10.pth'
  exists: True, size: 122546210
  first 16 raw bytes: b'PK\x03\x04\x00\x00\x08\x08\x00\x00\x00\x00\x00\x00\x00\x00'
Failed to load checkpoint at '/data/group_data/cx_group/REC/checkpoints/s3rec_amzn-sports/S3Rec-amzn-sports-10.pth'
  exists: True, size: 122546210
  first 16 raw bytes: b'PK\x03\x04\x00\x00\x08\x08\x00\x00\x00\x00\x00\x00\x00\x00'
Failed to load checkpoint at '/data/group_data/cx_group/REC/checkpoints/s3rec_amzn-sports/S3Rec-amzn-sports-10.pth'
  exists: True, size: 122546210
  first 16 raw bytes: b'PK\x03\x04\x00\x00\x08\x08\x00\x00\x00\x00\x00\x00\x00\x00'
Failed to load checkpoint at '/data/group_data/cx_group/REC/checkpoints/s3rec_amzn-sports/S3Rec-amzn-sports-10.pth'
  exists: True, size: 122546210
  first 16 raw bytes: b'PK\x03\x04\x00\x00\x08\x08\x00\x00\x00\x00\x00\x00\x00\x00'
Failed to load checkpoint at '/data/group_data/cx_group/REC/checkpoints/s3rec_amzn-sports/S3Rec-amzn-sports-10.pth'
  exists: True, size: 122546210
  first 16 raw bytes: b'PK\x03\x04\x00\x00\x08\x08\x00\x00\x00\x00\x00\x00\x00\x00'
Failed to load checkpoint at '/data/group_data/cx_group/REC/checkpoints/s3rec_amzn-sports/S3Rec-amzn-sports-10.pth'
  exists: True, size: 122546210
  first 16 raw bytes: b'PK\x03\x04\x00\x00\x08\x08\x00\x00\x00\x00\x00\x00\x00\x00'
Failed to load checkpoint at '/data/group_data/cx_group/REC/checkpoints/s3rec_amzn-sports/S3Rec-amzn-sports-10.pth'
  exists: True, size: 122546210
  first 16 raw bytes: b'PK\x03\x04\x00\x00\x08\x08\x00\x00\x00\x00\x00\x00\x00\x00'
[1;34mwandb[0m: 
[1;34mwandb[0m: 🚀 View run [33ms3rec_amzn-sports[0m at: [34mhttps://wandb.ai/chunings-carnegie-mellon-university/RecSys-Benchmark/runs/8o4ij7tu[0m
[1;34mwandb[0m: Find logs at: [1;35mwandb/run-20250425_211700-8o4ij7tu/logs[0m
Failed to load checkpoint at '/data/group_data/cx_group/REC/checkpoints/s3rec_amzn-sports/S3Rec-amzn-sports-10.pth'
  exists: True, size: 122546210
  first 16 raw bytes: b'PK\x03\x04\x00\x00\x08\x08\x00\x00\x00\x00\x00\x00\x00\x00'
[1;34mwandb[0m: 
[1;34mwandb[0m: 🚀 View run [33ms3rec_amzn-sports[0m at: [34mhttps://wandb.ai/chunings-carnegie-mellon-university/RecSys-Benchmark/runs/lt2z0db1[0m
[1;34mwandb[0m: Find logs at: [1;35mwandb/run-20250425_211700-lt2z0db1/logs[0m
[1;34mwandb[0m: 
[1;34mwandb[0m: 🚀 View run [33ms3rec_amzn-sports[0m at: [34mhttps://wandb.ai/chunings-carnegie-mellon-university/RecSys-Benchmark/runs/kqlfrlxl[0m
[1;34mwandb[0m: Find logs at: [1;35mwandb/run-20250425_211700-kqlfrlxl/logs[0m
[1;34mwandb[0m: 
[1;34mwandb[0m: 🚀 View run [33ms3rec_amzn-sports[0m at: [34mhttps://wandb.ai/chunings-carnegie-mellon-university/RecSys-Benchmark/runs/zpraqi5d[0m
[1;34mwandb[0m: Find logs at: [1;35mwandb/run-20250425_211700-zpraqi5d/logs[0m
[1;34mwandb[0m: 
[1;34mwandb[0m: 🚀 View run [33ms3rec_amzn-sports[0m at: [34mhttps://wandb.ai/chunings-carnegie-mellon-university/RecSys-Benchmark/runs/grobcy9o[0m
[1;34mwandb[0m: Find logs at: [1;35mwandb/run-20250425_211700-grobcy9o/logs[0m
[1;34mwandb[0m: 
[1;34mwandb[0m: 🚀 View run [33ms3rec_amzn-sports[0m at: [34mhttps://wandb.ai/chunings-carnegie-mellon-university/RecSys-Benchmark/runs/jocybz7l[0m
[1;34mwandb[0m: Find logs at: [1;35mwandb/run-20250425_211700-jocybz7l/logs[0m
[1;34mwandb[0m: 
[1;34mwandb[0m: 🚀 View run [33ms3rec_amzn-sports[0m at: [34mhttps://wandb.ai/chunings-carnegie-mellon-university/RecSys-Benchmark/runs/f1nq5ura[0m
[1;34mwandb[0m: Find logs at: [1;35mwandb/run-20250425_211700-f1nq5ura/logs[0m
[1;34mwandb[0m: 
[1;34mwandb[0m: 🚀 View run [33ms3rec_amzn-sports[0m at: [34mhttps://wandb.ai/chunings-carnegie-mellon-university/RecSys-Benchmark/runs/va2a0f59[0m
[1;34mwandb[0m: Find logs at: [1;35mwandb/run-20250425_211700-va2a0f59/logs[0m
