command line args [--model S3Rec --dataset ml-1m --exp_name s3rec_ml-1m --nproc 8 --config_files configs/models/S3Rec.yaml configs/datasets/ml.yaml configs/eval.yaml] will not be used in RecBole
command line args [--model S3Rec --dataset ml-1m --exp_name s3rec_ml-1m --nproc 8 --config_files configs/models/S3Rec.yaml configs/datasets/ml.yaml configs/eval.yaml] will not be used in RecBole
command line args [--model S3Rec --dataset ml-1m --exp_name s3rec_ml-1m --nproc 8 --config_files configs/models/S3Rec.yaml configs/datasets/ml.yaml configs/eval.yaml] will not be used in RecBole
command line args [--model S3Rec --dataset ml-1m --exp_name s3rec_ml-1m --nproc 8 --config_files configs/models/S3Rec.yaml configs/datasets/ml.yaml configs/eval.yaml] will not be used in RecBole
command line args [--model S3Rec --dataset ml-1m --exp_name s3rec_ml-1m --nproc 8 --config_files configs/models/S3Rec.yaml configs/datasets/ml.yaml configs/eval.yaml] will not be used in RecBole
command line args [--model S3Rec --dataset ml-1m --exp_name s3rec_ml-1m --nproc 8 --config_files configs/models/S3Rec.yaml configs/datasets/ml.yaml configs/eval.yaml] will not be used in RecBole
command line args [--model S3Rec --dataset ml-1m --exp_name s3rec_ml-1m --nproc 8 --config_files configs/models/S3Rec.yaml configs/datasets/ml.yaml configs/eval.yaml] will not be used in RecBole
command line args [--model S3Rec --dataset ml-1m --exp_name s3rec_ml-1m --nproc 8 --config_files configs/models/S3Rec.yaml configs/datasets/ml.yaml configs/eval.yaml] will not be used in RecBole
[rank4]:[W420 17:17:18.235543205 ProcessGroupNCCL.cpp:1496] Warning: WARNING: destroy_process_group() was not called before program exit, which can leak resources. For more info, please see https://pytorch.org/docs/stable/distributed.html#shutdown (function operator())
[rank2]:[W420 17:17:18.249836551 ProcessGroupNCCL.cpp:1496] Warning: WARNING: destroy_process_group() was not called before program exit, which can leak resources. For more info, please see https://pytorch.org/docs/stable/distributed.html#shutdown (function operator())
20 Apr 17:17    INFO  ['run_recbole.py', '--model', 'S3Rec', '--dataset', 'ml-1m', '--exp_name', 's3rec_ml-1m', '--nproc', '8', '--config_files', 'configs/models/S3Rec.yaml configs/datasets/ml.yaml configs/eval.yaml']
20 Apr 17:17    INFO  
General Hyper Parameters:
gpu_id = 0,1,2,3,4,5,6,7
use_gpu = True
seed = 42
state = INFO
reproducibility = True
data_path = /data/group_data/cx_group/REC/data/ml-1m
checkpoint_dir = /data/group_data/cx_group/REC/checkpoints/s3rec_ml-1m
show_progress = True
save_dataset = False
dataset_save_path = None
save_dataloaders = False
dataloaders_save_path = None
log_wandb = True

Training Hyper Parameters:
epochs = 50
train_batch_size = 2048
learner = adam
learning_rate = 0.001
train_neg_sample_args = {'distribution': 'none', 'sample_num': 'none', 'alpha': 'none', 'dynamic': False, 'candidate_num': 0}
eval_step = 1
stopping_step = 50
clip_grad_norm = None
weight_decay = 0.0
loss_decimal_place = 4

Evaluation Hyper Parameters:
eval_args = {'split': {'LS': 'valid_and_test'}, 'order': 'TO', 'group_by': 'user', 'mode': {'valid': 'full', 'test': 'full'}}
repeatable = True
metrics = ['Recall', 'NDCG', 'Hit']
topk = [1, 5, 10, 20, 50, 100]
valid_metric = NDCG@10
valid_metric_bigger = True
eval_batch_size = 1024
metric_decimal_place = 4

Dataset Hyper Parameters:
field_separator = 	
seq_separator =  
USER_ID_FIELD = user_id
ITEM_ID_FIELD = item_id
RATING_FIELD = rating
TIME_FIELD = timestamp
seq_len = None
LABEL_FIELD = label
threshold = None
NEG_PREFIX = neg_
load_col = {'inter': ['user_id', 'item_id', 'rating', 'timestamp'], 'item': ['item_id', 'movie_title', 'release_year', 'genre']}
unload_col = None
unused_col = None
additional_feat_suffix = None
rm_dup_inter = None
val_interval = None
filter_inter_by_user_or_item = True
user_inter_num_interval = [20,inf)
item_inter_num_interval = [20,inf)
alias_of_user_id = None
alias_of_item_id = None
alias_of_entity_id = None
alias_of_relation_id = None
preload_weight = None
normalize_field = None
normalize_all = None
ITEM_LIST_LENGTH_FIELD = item_length
LIST_SUFFIX = _list
MAX_ITEM_LIST_LENGTH = 50
POSITION_FIELD = position_id
HEAD_ENTITY_ID_FIELD = head_id
TAIL_ENTITY_ID_FIELD = tail_id
RELATION_ID_FIELD = relation_id
ENTITY_ID_FIELD = entity_id
benchmark_filename = None

Other Hyper Parameters: 
worker = 0
wandb_project = RecSys-Benchmark
shuffle = True
require_pow = False
enable_amp = False
enable_scaler = False
transform = None
n_layers = 2
n_heads = 2
hidden_size = 64
inner_size = 64
hidden_dropout_prob = 0.5
attn_dropout_prob = 0.5
hidden_act = gelu
layer_norm_eps = 1e-12
initializer_range = 0.02
item_attribute = genre
mask_ratio = 0.2
aap_weight = 1.0
mip_weight = 0.2
map_weight = 1.0
sp_weight = 0.5
train_stage = pretrain
pretrain_epochs = 50
save_step = 1
pre_model_path = /data/group_data/cx_group/REC/checkpoints/s3rec_amzn-sports/S3Rec-amzn-sports-1.pth
loss_type = CE
numerical_features = []
discretization = None
kg_reverse_r = False
entity_kg_num_interval = [0,inf)
relation_kg_num_interval = [0,inf)
MODEL_TYPE = ModelType.SEQUENTIAL
world_size = 8
ip = localhost
port = 5678
nproc = 8
offset = 0
local_rank = 0
exp_name = s3rec_ml-1m
MODEL_INPUT_TYPE = InputType.POINTWISE
eval_type = EvaluatorType.RANKING
device = cuda:0
single_spec = False
valid_neg_sample_args = {'distribution': 'uniform', 'sample_num': 'none'}
test_neg_sample_args = {'distribution': 'uniform', 'sample_num': 'none'}


W0420 17:17:18.423000 31484 site-packages/torch/multiprocessing/spawn.py:169] Terminating process 31515 via signal SIGTERM
W0420 17:17:18.423000 31484 site-packages/torch/multiprocessing/spawn.py:169] Terminating process 31516 via signal SIGTERM
W0420 17:17:18.424000 31484 site-packages/torch/multiprocessing/spawn.py:169] Terminating process 31517 via signal SIGTERM
W0420 17:17:18.424000 31484 site-packages/torch/multiprocessing/spawn.py:169] Terminating process 31518 via signal SIGTERM
W0420 17:17:18.424000 31484 site-packages/torch/multiprocessing/spawn.py:169] Terminating process 31519 via signal SIGTERM
W0420 17:17:18.424000 31484 site-packages/torch/multiprocessing/spawn.py:169] Terminating process 31520 via signal SIGTERM
W0420 17:17:18.425000 31484 site-packages/torch/multiprocessing/spawn.py:169] Terminating process 31521 via signal SIGTERM
Traceback (most recent call last):
  File "/data/user_data/chunings/RecSys-Benchmark/RecBole/run_recbole.py", line 49, in <module>
    run(
  File "/data/user_data/chunings/RecSys-Benchmark/RecBole/recbole/quick_start/quick_start.py", line 180, in run
    mp.spawn(
  File "/home/chunings/miniconda3/envs/recsys_ben/lib/python3.10/site-packages/torch/multiprocessing/spawn.py", line 340, in spawn
    return start_processes(fn, args, nprocs, join, daemon, start_method="spawn")
  File "/home/chunings/miniconda3/envs/recsys_ben/lib/python3.10/site-packages/torch/multiprocessing/spawn.py", line 296, in start_processes
    while not context.join():
  File "/home/chunings/miniconda3/envs/recsys_ben/lib/python3.10/site-packages/torch/multiprocessing/spawn.py", line 215, in join
    raise ProcessRaisedException(msg, error_index, failed_process.pid)
torch.multiprocessing.spawn.ProcessRaisedException: 

-- Process 7 terminated with the following error:
Traceback (most recent call last):
  File "/home/chunings/miniconda3/envs/recsys_ben/lib/python3.10/site-packages/torch/multiprocessing/spawn.py", line 90, in _wrap
    fn(i, *args)
  File "/data/user_data/chunings/RecSys-Benchmark/RecBole/recbole/quick_start/quick_start.py", line 312, in run_recboles
    run_recbole(
  File "/data/user_data/chunings/RecSys-Benchmark/RecBole/recbole/quick_start/quick_start.py", line 212, in run_recbole
    config = Config(
  File "/data/user_data/chunings/RecSys-Benchmark/RecBole/recbole/config/configurator.py", line 97, in __init__
    self._init_device()
  File "/data/user_data/chunings/RecSys-Benchmark/RecBole/recbole/config/configurator.py", line 523, in _init_device
    torch.cuda.set_device(self.final_config_dict["local_rank"])
  File "/home/chunings/miniconda3/envs/recsys_ben/lib/python3.10/site-packages/torch/cuda/__init__.py", line 476, in set_device
    torch._C._cuda_setDevice(device)
RuntimeError: CUDA error: invalid device ordinal
CUDA kernel errors might be asynchronously reported at some other API call, so the stacktrace below might be incorrect.
For debugging consider passing CUDA_LAUNCH_BLOCKING=1
Compile with `TORCH_USE_CUDA_DSA` to enable device-side assertions.


