start
the feat name is inter_feat
the feat name is item_feat
start
the feat name is inter_feat
the feat name is item_feat
start
the feat name is inter_feat
the feat name is item_feat
start
the feat name is inter_feat
the feat name is item_feat
start
the feat name is inter_feat
the feat name is item_feat
start
the feat name is inter_feat
the feat name is item_feat
start
the feat name is inter_feat
the feat name is item_feat
start
the feat name is inter_feat
the feat name is item_feat
Saved item details to /data/user_data/chunings/RecSys-Benchmark/RecBole/data_split/amzn-sports/s3rec_amzn-sports/item_details.csv
Saved item details to /data/user_data/chunings/RecSys-Benchmark/RecBole/data_split/amzn-sports/s3rec_amzn-sports/item_details.csv
Saved item details to /data/user_data/chunings/RecSys-Benchmark/RecBole/data_split/amzn-sports/s3rec_amzn-sports/item_details.csv
Saved item details to /data/user_data/chunings/RecSys-Benchmark/RecBole/data_split/amzn-sports/s3rec_amzn-sports/item_details.csv
Saved item details to /data/user_data/chunings/RecSys-Benchmark/RecBole/data_split/amzn-sports/s3rec_amzn-sports/item_details.csv
Saved item details to /data/user_data/chunings/RecSys-Benchmark/RecBole/data_split/amzn-sports/s3rec_amzn-sports/item_details.csv
Saved interaction data to /data/user_data/chunings/RecSys-Benchmark/RecBole/data_split/amzn-sports/s3rec_amzn-sports/train_interactions.csv
Saved interaction data to /data/user_data/chunings/RecSys-Benchmark/RecBole/data_split/amzn-sports/s3rec_amzn-sports/train_interactions.csv
Saved interaction data to /data/user_data/chunings/RecSys-Benchmark/RecBole/data_split/amzn-sports/s3rec_amzn-sports/valid_interactions.csv
Saved interaction data to /data/user_data/chunings/RecSys-Benchmark/RecBole/data_split/amzn-sports/s3rec_amzn-sports/valid_interactions.csv
Saved interaction data to /data/user_data/chunings/RecSys-Benchmark/RecBole/data_split/amzn-sports/s3rec_amzn-sports/train_interactions.csv
Saved item details to /data/user_data/chunings/RecSys-Benchmark/RecBole/data_split/amzn-sports/s3rec_amzn-sports/item_details.csv
Saved interaction data to /data/user_data/chunings/RecSys-Benchmark/RecBole/data_split/amzn-sports/s3rec_amzn-sports/test_interactions.csv
Saved item details to /data/user_data/chunings/RecSys-Benchmark/RecBole/data_split/amzn-sports/s3rec_amzn-sports/item_details.csv
Saved interaction data to /data/user_data/chunings/RecSys-Benchmark/RecBole/data_split/amzn-sports/s3rec_amzn-sports/valid_interactions.csv
Saved interaction data to /data/user_data/chunings/RecSys-Benchmark/RecBole/data_split/amzn-sports/s3rec_amzn-sports/test_interactions.csv
Saved interaction data to /data/user_data/chunings/RecSys-Benchmark/RecBole/data_split/amzn-sports/s3rec_amzn-sports/train_interactions.csv
Saved interaction data to /data/user_data/chunings/RecSys-Benchmark/RecBole/data_split/amzn-sports/s3rec_amzn-sports/test_interactions.csv
Saved interaction data to /data/user_data/chunings/RecSys-Benchmark/RecBole/data_split/amzn-sports/s3rec_amzn-sports/valid_interactions.csv
Saved interaction data to /data/user_data/chunings/RecSys-Benchmark/RecBole/data_split/amzn-sports/s3rec_amzn-sports/train_interactions.csv
Saved interaction data to /data/user_data/chunings/RecSys-Benchmark/RecBole/data_split/amzn-sports/s3rec_amzn-sports/test_interactions.csv
Saved interaction data to /data/user_data/chunings/RecSys-Benchmark/RecBole/data_split/amzn-sports/s3rec_amzn-sports/valid_interactions.csv
Saved interaction data to /data/user_data/chunings/RecSys-Benchmark/RecBole/data_split/amzn-sports/s3rec_amzn-sports/train_interactions.csv
Saved interaction data to /data/user_data/chunings/RecSys-Benchmark/RecBole/data_split/amzn-sports/s3rec_amzn-sports/test_interactions.csv
Saved interaction data to /data/user_data/chunings/RecSys-Benchmark/RecBole/data_split/amzn-sports/s3rec_amzn-sports/valid_interactions.csv
Saved interaction data to /data/user_data/chunings/RecSys-Benchmark/RecBole/data_split/amzn-sports/s3rec_amzn-sports/test_interactions.csv
Saved interaction data to /data/user_data/chunings/RecSys-Benchmark/RecBole/data_split/amzn-sports/s3rec_amzn-sports/train_interactions.csv
Saved interaction data to /data/user_data/chunings/RecSys-Benchmark/RecBole/data_split/amzn-sports/s3rec_amzn-sports/train_interactions.csv
Saved interaction data to /data/user_data/chunings/RecSys-Benchmark/RecBole/data_split/amzn-sports/s3rec_amzn-sports/valid_interactions.csv
Saved interaction data to /data/user_data/chunings/RecSys-Benchmark/RecBole/data_split/amzn-sports/s3rec_amzn-sports/valid_interactions.csv
Saved interaction data to /data/user_data/chunings/RecSys-Benchmark/RecBole/data_split/amzn-sports/s3rec_amzn-sports/test_interactions.csv
Saved interaction data to /data/user_data/chunings/RecSys-Benchmark/RecBole/data_split/amzn-sports/s3rec_amzn-sports/test_interactions.csv
