command line args [--model S3Rec --dataset amzn-sports --exp_name s3rec_amzn-sports --nproc 8 --config_files configs/models/S3Rec.yaml configs/datasets/amzn.yaml configs/eval.yaml] will not be used in RecBole
command line args [--model S3Rec --dataset amzn-sports --exp_name s3rec_amzn-sports --nproc 8 --config_files configs/models/S3Rec.yaml configs/datasets/amzn.yaml configs/eval.yaml] will not be used in RecBole
command line args [--model S3Rec --dataset amzn-sports --exp_name s3rec_amzn-sports --nproc 8 --config_files configs/models/S3Rec.yaml configs/datasets/amzn.yaml configs/eval.yaml] will not be used in RecBole
command line args [--model S3Rec --dataset amzn-sports --exp_name s3rec_amzn-sports --nproc 8 --config_files configs/models/S3Rec.yaml configs/datasets/amzn.yaml configs/eval.yaml] will not be used in RecBole
command line args [--model S3Rec --dataset amzn-sports --exp_name s3rec_amzn-sports --nproc 8 --config_files configs/models/S3Rec.yaml configs/datasets/amzn.yaml configs/eval.yaml] will not be used in RecBole
command line args [--model S3Rec --dataset amzn-sports --exp_name s3rec_amzn-sports --nproc 8 --config_files configs/models/S3Rec.yaml configs/datasets/amzn.yaml configs/eval.yaml] will not be used in RecBole
command line args [--model S3Rec --dataset amzn-sports --exp_name s3rec_amzn-sports --nproc 8 --config_files configs/models/S3Rec.yaml configs/datasets/amzn.yaml configs/eval.yaml] will not be used in RecBole
command line args [--model S3Rec --dataset amzn-sports --exp_name s3rec_amzn-sports --nproc 8 --config_files configs/models/S3Rec.yaml configs/datasets/amzn.yaml configs/eval.yaml] will not be used in RecBole
28 Apr 14:23    INFO  ['run_recbole.py', '--model', 'S3Rec', '--dataset', 'amzn-sports', '--exp_name', 's3rec_amzn-sports', '--nproc', '8', '--config_files', 'configs/models/S3Rec.yaml configs/datasets/amzn.yaml configs/eval.yaml']
28 Apr 14:23    INFO  
General Hyper Parameters:
gpu_id = 0,1,2,3,4,5,6,7
use_gpu = True
seed = 42
state = INFO
reproducibility = True
data_path = /data/group_data/cx_group/REC/data/tmp/amzn-sports
checkpoint_dir = /data/group_data/cx_group/REC/checkpoints/s3rec_amzn-sports
show_progress = True
save_dataset = False
dataset_save_path = None
save_dataloaders = False
dataloaders_save_path = None
log_wandb = True

Training Hyper Parameters:
epochs = 50
train_batch_size = 65536
learner = adam
learning_rate = 0.001
train_neg_sample_args = {'distribution': 'none', 'sample_num': 'none', 'alpha': 'none', 'dynamic': False, 'candidate_num': 0}
eval_step = 1
stopping_step = 50
clip_grad_norm = None
weight_decay = 0.0
loss_decimal_place = 4

Evaluation Hyper Parameters:
eval_args = {'split': {'LS': 'valid_and_test'}, 'order': 'TO', 'group_by': 'user', 'mode': {'valid': 'full', 'test': 'full'}}
repeatable = True
metrics = ['Recall', 'NDCG', 'Hit']
topk = [1, 5, 10, 20, 50, 100]
valid_metric = NDCG@10
valid_metric_bigger = True
eval_batch_size = 1024
metric_decimal_place = 4

Dataset Hyper Parameters:
field_separator = 	
seq_separator =  
USER_ID_FIELD = user_id
ITEM_ID_FIELD = item_id
RATING_FIELD = rating
TIME_FIELD = timestamp
seq_len = None
LABEL_FIELD = label
threshold = None
NEG_PREFIX = neg_
load_col = {'inter': ['user_id', 'item_id', 'rating', 'timestamp'], 'item': ['item_id', 'categories', 'average_rating', 'rating_number']}
unload_col = None
unused_col = None
additional_feat_suffix = None
rm_dup_inter = None
val_interval = None
filter_inter_by_user_or_item = True
user_inter_num_interval = [1,inf)
item_inter_num_interval = [1,inf)
alias_of_user_id = None
alias_of_item_id = None
alias_of_entity_id = None
alias_of_relation_id = None
preload_weight = None
normalize_field = None
normalize_all = None
ITEM_LIST_LENGTH_FIELD = item_length
LIST_SUFFIX = _list
MAX_ITEM_LIST_LENGTH = 50
POSITION_FIELD = position_id
HEAD_ENTITY_ID_FIELD = head_id
TAIL_ENTITY_ID_FIELD = tail_id
RELATION_ID_FIELD = relation_id
ENTITY_ID_FIELD = entity_id
benchmark_filename = None

Other Hyper Parameters: 
worker = 0
wandb_project = RecSys-Benchmark
shuffle = True
require_pow = False
enable_amp = False
enable_scaler = False
transform = None
n_layers = 2
n_heads = 2
hidden_size = 64
inner_size = 64
hidden_dropout_prob = 0.5
attn_dropout_prob = 0.5
hidden_act = gelu
layer_norm_eps = 1e-12
initializer_range = 0.02
item_attribute = categories
mask_ratio = 0.2
aap_weight = 1.0
mip_weight = 0.2
map_weight = 1.0
sp_weight = 0.5
train_stage = pretrain
pretrain_epochs = 50
save_step = 1
pre_model_path = 
loss_type = CE
numerical_features = []
discretization = None
kg_reverse_r = False
entity_kg_num_interval = [0,inf)
relation_kg_num_interval = [0,inf)
MODEL_TYPE = ModelType.SEQUENTIAL
world_size = 8
ip = localhost
port = 5678
nproc = 8
offset = 0
local_rank = 0
exp_name = s3rec_amzn-sports
MODEL_INPUT_TYPE = InputType.POINTWISE
eval_type = EvaluatorType.RANKING
device = cuda:0
single_spec = False
valid_neg_sample_args = {'distribution': 'uniform', 'sample_num': 'none'}
test_neg_sample_args = {'distribution': 'uniform', 'sample_num': 'none'}


/data/user_data/chunings/RecSys-Benchmark/RecBole/recbole/data/dataset/dataset.py:648: FutureWarning: A value is trying to be set on a copy of a DataFrame or Series through chained assignment using an inplace method.
The behavior will change in pandas 3.0. This inplace method will never work because the intermediate object on which we are setting values always behaves as a copy.

For example, when doing 'df[col].method(value, inplace=True)', try using 'df.method({col: value}, inplace=True)' or df[col] = df[col].method(value) instead, to perform the operation inplace on the original object.


  feat[field].fillna(value=0, inplace=True)
/data/user_data/chunings/RecSys-Benchmark/RecBole/recbole/data/dataset/dataset.py:650: FutureWarning: A value is trying to be set on a copy of a DataFrame or Series through chained assignment using an inplace method.
The behavior will change in pandas 3.0. This inplace method will never work because the intermediate object on which we are setting values always behaves as a copy.

For example, when doing 'df[col].method(value, inplace=True)', try using 'df.method({col: value}, inplace=True)' or df[col] = df[col].method(value) instead, to perform the operation inplace on the original object.


  feat[field].fillna(value=feat[field].mean(), inplace=True)
/data/user_data/chunings/RecSys-Benchmark/RecBole/recbole/data/dataset/dataset.py:648: FutureWarning: A value is trying to be set on a copy of a DataFrame or Series through chained assignment using an inplace method.
The behavior will change in pandas 3.0. This inplace method will never work because the intermediate object on which we are setting values always behaves as a copy.

For example, when doing 'df[col].method(value, inplace=True)', try using 'df.method({col: value}, inplace=True)' or df[col] = df[col].method(value) instead, to perform the operation inplace on the original object.


  feat[field].fillna(value=0, inplace=True)
/data/user_data/chunings/RecSys-Benchmark/RecBole/recbole/data/dataset/dataset.py:650: FutureWarning: A value is trying to be set on a copy of a DataFrame or Series through chained assignment using an inplace method.
The behavior will change in pandas 3.0. This inplace method will never work because the intermediate object on which we are setting values always behaves as a copy.

For example, when doing 'df[col].method(value, inplace=True)', try using 'df.method({col: value}, inplace=True)' or df[col] = df[col].method(value) instead, to perform the operation inplace on the original object.


  feat[field].fillna(value=feat[field].mean(), inplace=True)
/data/user_data/chunings/RecSys-Benchmark/RecBole/recbole/data/dataset/dataset.py:648: FutureWarning: A value is trying to be set on a copy of a DataFrame or Series through chained assignment using an inplace method.
The behavior will change in pandas 3.0. This inplace method will never work because the intermediate object on which we are setting values always behaves as a copy.

For example, when doing 'df[col].method(value, inplace=True)', try using 'df.method({col: value}, inplace=True)' or df[col] = df[col].method(value) instead, to perform the operation inplace on the original object.


  feat[field].fillna(value=0, inplace=True)
/data/user_data/chunings/RecSys-Benchmark/RecBole/recbole/data/dataset/dataset.py:650: FutureWarning: A value is trying to be set on a copy of a DataFrame or Series through chained assignment using an inplace method.
The behavior will change in pandas 3.0. This inplace method will never work because the intermediate object on which we are setting values always behaves as a copy.

For example, when doing 'df[col].method(value, inplace=True)', try using 'df.method({col: value}, inplace=True)' or df[col] = df[col].method(value) instead, to perform the operation inplace on the original object.


  feat[field].fillna(value=feat[field].mean(), inplace=True)
28 Apr 14:24    INFO  amzn-sports
The number of users: 1019991
Average actions of users: 3.921606094177394
The number of items: 748599
Average actions of items: 5.3433204470223
The number of inters: 3999999
The sparsity of the dataset: 99.99947614113171%
Remain Fields: ['user_id', 'item_id', 'rating', 'timestamp', 'categories', 'average_rating', 'rating_number']
/data/user_data/chunings/RecSys-Benchmark/RecBole/recbole/data/dataset/dataset.py:648: FutureWarning: A value is trying to be set on a copy of a DataFrame or Series through chained assignment using an inplace method.
The behavior will change in pandas 3.0. This inplace method will never work because the intermediate object on which we are setting values always behaves as a copy.

For example, when doing 'df[col].method(value, inplace=True)', try using 'df.method({col: value}, inplace=True)' or df[col] = df[col].method(value) instead, to perform the operation inplace on the original object.


  feat[field].fillna(value=0, inplace=True)
/data/user_data/chunings/RecSys-Benchmark/RecBole/recbole/data/dataset/dataset.py:650: FutureWarning: A value is trying to be set on a copy of a DataFrame or Series through chained assignment using an inplace method.
The behavior will change in pandas 3.0. This inplace method will never work because the intermediate object on which we are setting values always behaves as a copy.

For example, when doing 'df[col].method(value, inplace=True)', try using 'df.method({col: value}, inplace=True)' or df[col] = df[col].method(value) instead, to perform the operation inplace on the original object.


  feat[field].fillna(value=feat[field].mean(), inplace=True)
/data/user_data/chunings/RecSys-Benchmark/RecBole/recbole/data/dataset/dataset.py:648: FutureWarning: A value is trying to be set on a copy of a DataFrame or Series through chained assignment using an inplace method.
The behavior will change in pandas 3.0. This inplace method will never work because the intermediate object on which we are setting values always behaves as a copy.

For example, when doing 'df[col].method(value, inplace=True)', try using 'df.method({col: value}, inplace=True)' or df[col] = df[col].method(value) instead, to perform the operation inplace on the original object.


  feat[field].fillna(value=0, inplace=True)
/data/user_data/chunings/RecSys-Benchmark/RecBole/recbole/data/dataset/dataset.py:650: FutureWarning: A value is trying to be set on a copy of a DataFrame or Series through chained assignment using an inplace method.
The behavior will change in pandas 3.0. This inplace method will never work because the intermediate object on which we are setting values always behaves as a copy.

For example, when doing 'df[col].method(value, inplace=True)', try using 'df.method({col: value}, inplace=True)' or df[col] = df[col].method(value) instead, to perform the operation inplace on the original object.


  feat[field].fillna(value=feat[field].mean(), inplace=True)
/data/user_data/chunings/RecSys-Benchmark/RecBole/recbole/data/dataset/dataset.py:648: FutureWarning: A value is trying to be set on a copy of a DataFrame or Series through chained assignment using an inplace method.
The behavior will change in pandas 3.0. This inplace method will never work because the intermediate object on which we are setting values always behaves as a copy.

For example, when doing 'df[col].method(value, inplace=True)', try using 'df.method({col: value}, inplace=True)' or df[col] = df[col].method(value) instead, to perform the operation inplace on the original object.


  feat[field].fillna(value=0, inplace=True)
/data/user_data/chunings/RecSys-Benchmark/RecBole/recbole/data/dataset/dataset.py:650: FutureWarning: A value is trying to be set on a copy of a DataFrame or Series through chained assignment using an inplace method.
The behavior will change in pandas 3.0. This inplace method will never work because the intermediate object on which we are setting values always behaves as a copy.

For example, when doing 'df[col].method(value, inplace=True)', try using 'df.method({col: value}, inplace=True)' or df[col] = df[col].method(value) instead, to perform the operation inplace on the original object.


  feat[field].fillna(value=feat[field].mean(), inplace=True)
/data/user_data/chunings/RecSys-Benchmark/RecBole/recbole/data/dataset/dataset.py:648: FutureWarning: A value is trying to be set on a copy of a DataFrame or Series through chained assignment using an inplace method.
The behavior will change in pandas 3.0. This inplace method will never work because the intermediate object on which we are setting values always behaves as a copy.

For example, when doing 'df[col].method(value, inplace=True)', try using 'df.method({col: value}, inplace=True)' or df[col] = df[col].method(value) instead, to perform the operation inplace on the original object.


  feat[field].fillna(value=0, inplace=True)
/data/user_data/chunings/RecSys-Benchmark/RecBole/recbole/data/dataset/dataset.py:650: FutureWarning: A value is trying to be set on a copy of a DataFrame or Series through chained assignment using an inplace method.
The behavior will change in pandas 3.0. This inplace method will never work because the intermediate object on which we are setting values always behaves as a copy.

For example, when doing 'df[col].method(value, inplace=True)', try using 'df.method({col: value}, inplace=True)' or df[col] = df[col].method(value) instead, to perform the operation inplace on the original object.


  feat[field].fillna(value=feat[field].mean(), inplace=True)
/data/user_data/chunings/RecSys-Benchmark/RecBole/recbole/data/dataset/dataset.py:648: FutureWarning: A value is trying to be set on a copy of a DataFrame or Series through chained assignment using an inplace method.
The behavior will change in pandas 3.0. This inplace method will never work because the intermediate object on which we are setting values always behaves as a copy.

For example, when doing 'df[col].method(value, inplace=True)', try using 'df.method({col: value}, inplace=True)' or df[col] = df[col].method(value) instead, to perform the operation inplace on the original object.


  feat[field].fillna(value=0, inplace=True)
/data/user_data/chunings/RecSys-Benchmark/RecBole/recbole/data/dataset/dataset.py:650: FutureWarning: A value is trying to be set on a copy of a DataFrame or Series through chained assignment using an inplace method.
The behavior will change in pandas 3.0. This inplace method will never work because the intermediate object on which we are setting values always behaves as a copy.

For example, when doing 'df[col].method(value, inplace=True)', try using 'df.method({col: value}, inplace=True)' or df[col] = df[col].method(value) instead, to perform the operation inplace on the original object.


  feat[field].fillna(value=feat[field].mean(), inplace=True)
28 Apr 14:25    INFO  [Training]: train_batch_size = [65536] train_neg_sample_args: [{'distribution': 'none', 'sample_num': 'none', 'alpha': 'none', 'dynamic': False, 'candidate_num': 0}]
28 Apr 14:25    INFO  [Evaluation]: eval_batch_size = [1024] eval_args: [{'split': {'LS': 'valid_and_test'}, 'order': 'TO', 'group_by': 'user', 'mode': {'valid': 'full', 'test': 'full'}}]
28 Apr 14:25    INFO  Saving interaction data and item details to CSV...
28 Apr 14:25    INFO  Item details saved to /data/user_data/chunings/RecSys-Benchmark/RecBole/data_split/amzn-sports/s3rec_amzn-sports/item_details.csv
28 Apr 14:25    INFO  Train interactions saved to /data/user_data/chunings/RecSys-Benchmark/RecBole/data_split/amzn-sports/s3rec_amzn-sports/train_interactions.csv
28 Apr 14:25    INFO  Validation interactions saved to /data/user_data/chunings/RecSys-Benchmark/RecBole/data_split/amzn-sports/s3rec_amzn-sports/valid_interactions.csv
28 Apr 14:25    INFO  Test interactions saved to /data/user_data/chunings/RecSys-Benchmark/RecBole/data_split/amzn-sports/s3rec_amzn-sports/test_interactions.csv
28 Apr 14:25    INFO  S3Rec(
  (item_embedding): Embedding(748600, 64, padding_idx=0)
  (position_embedding): Embedding(50, 64)
  (feature_embedding): Embedding(2554, 64, padding_idx=0)
  (trm_encoder): TransformerEncoder(
    (layer): ModuleList(
      (0-1): 2 x TransformerLayer(
        (multi_head_attention): MultiHeadAttention(
          (query): Linear(in_features=64, out_features=64, bias=True)
          (key): Linear(in_features=64, out_features=64, bias=True)
          (value): Linear(in_features=64, out_features=64, bias=True)
          (softmax): Softmax(dim=-1)
          (attn_dropout): Dropout(p=0.5, inplace=False)
          (dense): Linear(in_features=64, out_features=64, bias=True)
          (LayerNorm): LayerNorm((64,), eps=1e-12, elementwise_affine=True)
          (out_dropout): Dropout(p=0.5, inplace=False)
        )
        (feed_forward): FeedForward(
          (dense_1): Linear(in_features=64, out_features=64, bias=True)
          (dense_2): Linear(in_features=64, out_features=64, bias=True)
          (LayerNorm): LayerNorm((64,), eps=1e-12, elementwise_affine=True)
          (dropout): Dropout(p=0.5, inplace=False)
        )
      )
    )
  )
  (LayerNorm): LayerNorm((64,), eps=1e-12, elementwise_affine=True)
  (dropout): Dropout(p=0.5, inplace=False)
  (aap_norm): Linear(in_features=64, out_features=64, bias=True)
  (mip_norm): Linear(in_features=64, out_features=64, bias=True)
  (map_norm): Linear(in_features=64, out_features=64, bias=True)
  (sp_norm): Linear(in_features=64, out_features=64, bias=True)
  (loss_fct): BCEWithLogitsLoss()
)
Trainable parameters: 48144256
28 Apr 14:25    INFO  FLOPs: 2525864.0
28 Apr 14:25    ERROR  git root error: Cmd('git') failed due to: exit code(128)
  cmdline: git rev-parse --show-toplevel
  stderr: 'fatal: not a git repository: /data/user_data/chunings/RecSys-Benchmark/RecBole/../.git/modules/RecBole'
28 Apr 14:25    ERROR  git root error: Cmd('git') failed due to: exit code(128)
  cmdline: git rev-parse --show-toplevel
  stderr: 'fatal: not a git repository: /data/user_data/chunings/RecSys-Benchmark/RecBole/../.git/modules/RecBole'
28 Apr 14:25    ERROR  git root error: Cmd('git') failed due to: exit code(128)
  cmdline: git rev-parse --show-toplevel
  stderr: 'fatal: not a git repository: /data/user_data/chunings/RecSys-Benchmark/RecBole/../.git/modules/RecBole'
28 Apr 14:25    ERROR  git root error: Cmd('git') failed due to: exit code(128)
  cmdline: git rev-parse --show-toplevel
  stderr: 'fatal: not a git repository: /data/user_data/chunings/RecSys-Benchmark/RecBole/../.git/modules/RecBole'
28 Apr 14:25    ERROR  git root error: Cmd('git') failed due to: exit code(128)
  cmdline: git rev-parse --show-toplevel
  stderr: 'fatal: not a git repository: /data/user_data/chunings/RecSys-Benchmark/RecBole/../.git/modules/RecBole'28 Apr 14:25    ERROR  git root error: Cmd('git') failed due to: exit code(128)
  cmdline: git rev-parse --show-toplevel
  stderr: 'fatal: not a git repository: /data/user_data/chunings/RecSys-Benchmark/RecBole/../.git/modules/RecBole'

28 Apr 14:25    ERROR  git root error: Cmd('git') failed due to: exit code(128)
  cmdline: git rev-parse --show-toplevel
  stderr: 'fatal: not a git repository: /data/user_data/chunings/RecSys-Benchmark/RecBole/../.git/modules/RecBole'28 Apr 14:25    ERROR  git root error: Cmd('git') failed due to: exit code(128)
  cmdline: git rev-parse --show-toplevel
  stderr: 'fatal: not a git repository: /data/user_data/chunings/RecSys-Benchmark/RecBole/../.git/modules/RecBole'

wandb: Using wandb-core as the SDK backend.  Please refer to https://wandb.me/wandb-core for more information.
wandb: Using wandb-core as the SDK backend.  Please refer to https://wandb.me/wandb-core for more information.
wandb: Using wandb-core as the SDK backend.  Please refer to https://wandb.me/wandb-core for more information.
wandb: Using wandb-core as the SDK backend.  Please refer to https://wandb.me/wandb-core for more information.
wandb: Using wandb-core as the SDK backend.  Please refer to https://wandb.me/wandb-core for more information.
wandb: Using wandb-core as the SDK backend.  Please refer to https://wandb.me/wandb-core for more information.
wandb: Using wandb-core as the SDK backend.  Please refer to https://wandb.me/wandb-core for more information.
wandb: Using wandb-core as the SDK backend.  Please refer to https://wandb.me/wandb-core for more information.
wandb: Currently logged in as: chunings (chunings-carnegie-mellon-university) to https://api.wandb.ai. Use `wandb login --relogin` to force relogin
wandb: Currently logged in as: chunings (chunings-carnegie-mellon-university) to https://api.wandb.ai. Use `wandb login --relogin` to force relogin
wandb: Currently logged in as: chunings (chunings-carnegie-mellon-university) to https://api.wandb.ai. Use `wandb login --relogin` to force relogin
wandb: Currently logged in as: chunings (chunings-carnegie-mellon-university) to https://api.wandb.ai. Use `wandb login --relogin` to force relogin
wandb: Currently logged in as: chunings (chunings-carnegie-mellon-university) to https://api.wandb.ai. Use `wandb login --relogin` to force relogin
wandb: Currently logged in as: chunings (chunings-carnegie-mellon-university) to https://api.wandb.ai. Use `wandb login --relogin` to force relogin
wandb: Currently logged in as: chunings (chunings-carnegie-mellon-university) to https://api.wandb.ai. Use `wandb login --relogin` to force relogin
wandb: Currently logged in as: chunings (chunings-carnegie-mellon-university) to https://api.wandb.ai. Use `wandb login --relogin` to force relogin
wandb: Tracking run with wandb version 0.19.8
wandb: Run data is saved locally in /data/user_data/chunings/RecSys-Benchmark/RecBole/wandb/run-20250428_142600-81lc5g85
wandb: Run `wandb offline` to turn off syncing.
wandb: Syncing run s3rec_amzn-sports
wandb: ⭐️ View project at https://wandb.ai/chunings-carnegie-mellon-university/RecSys-Benchmark
wandb: 🚀 View run at https://wandb.ai/chunings-carnegie-mellon-university/RecSys-Benchmark/runs/81lc5g85
/data/user_data/chunings/RecSys-Benchmark/RecBole/recbole/trainer/trainer.py:235: FutureWarning: `torch.cuda.amp.GradScaler(args...)` is deprecated. Please use `torch.amp.GradScaler('cuda', args...)` instead.
  scaler = amp.GradScaler(enabled=self.enable_scaler)
wandb: Tracking run with wandb version 0.19.8
wandb: Run data is saved locally in /data/user_data/chunings/RecSys-Benchmark/RecBole/wandb/run-20250428_142600-ritqu8cn
wandb: Run `wandb offline` to turn off syncing.
wandb: Syncing run s3rec_amzn-sports
wandb: ⭐️ View project at https://wandb.ai/chunings-carnegie-mellon-university/RecSys-Benchmark
wandb: 🚀 View run at https://wandb.ai/chunings-carnegie-mellon-university/RecSys-Benchmark/runs/ritqu8cn
/data/user_data/chunings/RecSys-Benchmark/RecBole/recbole/trainer/trainer.py:235: FutureWarning: `torch.cuda.amp.GradScaler(args...)` is deprecated. Please use `torch.amp.GradScaler('cuda', args...)` instead.
  scaler = amp.GradScaler(enabled=self.enable_scaler)
wandb: Tracking run with wandb version 0.19.8
wandb: Run data is saved locally in /data/user_data/chunings/RecSys-Benchmark/RecBole/wandb/run-20250428_142600-7ssy3nin
wandb: Run `wandb offline` to turn off syncing.
wandb: Syncing run s3rec_amzn-sports
wandb: ⭐️ View project at https://wandb.ai/chunings-carnegie-mellon-university/RecSys-Benchmark
wandb: 🚀 View run at https://wandb.ai/chunings-carnegie-mellon-university/RecSys-Benchmark/runs/7ssy3nin
/data/user_data/chunings/RecSys-Benchmark/RecBole/recbole/trainer/trainer.py:235: FutureWarning: `torch.cuda.amp.GradScaler(args...)` is deprecated. Please use `torch.amp.GradScaler('cuda', args...)` instead.
  scaler = amp.GradScaler(enabled=self.enable_scaler)
wandb: Tracking run with wandb version 0.19.8
wandb: Run data is saved locally in /data/user_data/chunings/RecSys-Benchmark/RecBole/wandb/run-20250428_142600-9lxvednz
wandb: Run `wandb offline` to turn off syncing.
wandb: Syncing run s3rec_amzn-sports
wandb: ⭐️ View project at https://wandb.ai/chunings-carnegie-mellon-university/RecSys-Benchmark
wandb: 🚀 View run at https://wandb.ai/chunings-carnegie-mellon-university/RecSys-Benchmark/runs/9lxvednz
wandb: Tracking run with wandb version 0.19.8
wandb: Run data is saved locally in /data/user_data/chunings/RecSys-Benchmark/RecBole/wandb/run-20250428_142600-z1lo0wjt
wandb: Run `wandb offline` to turn off syncing.
wandb: Syncing run s3rec_amzn-sports
wandb: ⭐️ View project at https://wandb.ai/chunings-carnegie-mellon-university/RecSys-Benchmark
wandb: 🚀 View run at https://wandb.ai/chunings-carnegie-mellon-university/RecSys-Benchmark/runs/z1lo0wjt
wandb: Tracking run with wandb version 0.19.8
wandb: Run data is saved locally in /data/user_data/chunings/RecSys-Benchmark/RecBole/wandb/run-20250428_142600-vfpxvte3
wandb: Run `wandb offline` to turn off syncing.
wandb: Syncing run s3rec_amzn-sports
wandb: ⭐️ View project at https://wandb.ai/chunings-carnegie-mellon-university/RecSys-Benchmark
wandb: 🚀 View run at https://wandb.ai/chunings-carnegie-mellon-university/RecSys-Benchmark/runs/vfpxvte3
/data/user_data/chunings/RecSys-Benchmark/RecBole/recbole/trainer/trainer.py:235: FutureWarning: `torch.cuda.amp.GradScaler(args...)` is deprecated. Please use `torch.amp.GradScaler('cuda', args...)` instead.
  scaler = amp.GradScaler(enabled=self.enable_scaler)
wandb: Tracking run with wandb version 0.19.8
wandb: Run data is saved locally in /data/user_data/chunings/RecSys-Benchmark/RecBole/wandb/run-20250428_142600-0hxvrqpo
wandb: Run `wandb offline` to turn off syncing.
wandb: Syncing run s3rec_amzn-sports
wandb: ⭐️ View project at https://wandb.ai/chunings-carnegie-mellon-university/RecSys-Benchmark
wandb: 🚀 View run at https://wandb.ai/chunings-carnegie-mellon-university/RecSys-Benchmark/runs/0hxvrqpo
/data/user_data/chunings/RecSys-Benchmark/RecBole/recbole/trainer/trainer.py:235: FutureWarning: `torch.cuda.amp.GradScaler(args...)` is deprecated. Please use `torch.amp.GradScaler('cuda', args...)` instead.
  scaler = amp.GradScaler(enabled=self.enable_scaler)
28 Apr 14:26    INFO  No pretrain checkpoint found, starting from scratch.
Train     0:   0%|                                                           | 0/35 [00:00<?, ?it/s]/data/user_data/chunings/RecSys-Benchmark/RecBole/recbole/trainer/trainer.py:235: FutureWarning: `torch.cuda.amp.GradScaler(args...)` is deprecated. Please use `torch.amp.GradScaler('cuda', args...)` instead.
  scaler = amp.GradScaler(enabled=self.enable_scaler)
wandb: Tracking run with wandb version 0.19.8
wandb: Run data is saved locally in /data/user_data/chunings/RecSys-Benchmark/RecBole/wandb/run-20250428_142600-wtqn8ih3
wandb: Run `wandb offline` to turn off syncing.
wandb: Syncing run s3rec_amzn-sports
wandb: ⭐️ View project at https://wandb.ai/chunings-carnegie-mellon-university/RecSys-Benchmark
wandb: 🚀 View run at https://wandb.ai/chunings-carnegie-mellon-university/RecSys-Benchmark/runs/wtqn8ih3
/data/user_data/chunings/RecSys-Benchmark/RecBole/recbole/trainer/trainer.py:235: FutureWarning: `torch.cuda.amp.GradScaler(args...)` is deprecated. Please use `torch.amp.GradScaler('cuda', args...)` instead.
  scaler = amp.GradScaler(enabled=self.enable_scaler)
/data/user_data/chunings/RecSys-Benchmark/RecBole/recbole/trainer/trainer.py:235: FutureWarning: `torch.cuda.amp.GradScaler(args...)` is deprecated. Please use `torch.amp.GradScaler('cuda', args...)` instead.
  scaler = amp.GradScaler(enabled=self.enable_scaler)
Train     0:   0%|                                 | 0/35 [01:16<?, ?it/s, GPU RAM: 39.36 G/44.42 G]Train     0:   3%|▋                        | 1/35 [01:16<43:14, 76.32s/it, GPU RAM: 39.36 G/44.42 G]Train     0:   3%|▋                        | 1/35 [02:33<43:14, 76.32s/it, GPU RAM: 39.36 G/44.42 G]Train     0:   6%|█▍                       | 2/35 [02:33<42:15, 76.85s/it, GPU RAM: 39.36 G/44.42 G]Train     0:   6%|█▍                       | 2/35 [03:51<42:15, 76.85s/it, GPU RAM: 39.36 G/44.42 G]Train     0:   9%|██▏                      | 3/35 [03:51<41:09, 77.17s/it, GPU RAM: 39.36 G/44.42 G]slurmstepd: error: *** JOB 4697431 ON babel-14-1 CANCELLED AT 2025-04-28T14:30:16 ***
