Saved item details to /data/user_data/chunings/RecSys-Benchmark/RecBole/data_split/amzn-sports/s3rec_amzn-sports/item_details.csv
Saved interaction data to /data/user_data/chunings/RecSys-Benchmark/RecBole/data_split/amzn-sports/s3rec_amzn-sports/train_interactions.csv
Saved interaction data to /data/user_data/chunings/RecSys-Benchmark/RecBole/data_split/amzn-sports/s3rec_amzn-sports/valid_interactions.csv
Saved interaction data to /data/user_data/chunings/RecSys-Benchmark/RecBole/data_split/amzn-sports/s3rec_amzn-sports/test_interactions.csv
Saved item details to /data/user_data/chunings/RecSys-Benchmark/RecBole/data_split/amzn-sports/s3rec_amzn-sports/item_details.csv
Saved interaction data to /data/user_data/chunings/RecSys-Benchmark/RecBole/data_split/amzn-sports/s3rec_amzn-sports/train_interactions.csv
Saved interaction data to /data/user_data/chunings/RecSys-Benchmark/RecBole/data_split/amzn-sports/s3rec_amzn-sports/valid_interactions.csv
Saved interaction data to /data/user_data/chunings/RecSys-Benchmark/RecBole/data_split/amzn-sports/s3rec_amzn-sports/test_interactions.csv
Failed to load checkpoint at '/data/group_data/cx_group/REC/checkpoints/s3rec_amzn-sports/S3Rec-amzn-sports-2.pth'
  exists: True, size: 20191402
  first 16 raw bytes: b'PK\x03\x04\x00\x00\x08\x08\x00\x00\x00\x00\x00\x00\x00\x00'
Failed to load checkpoint at '/data/group_data/cx_group/REC/checkpoints/s3rec_amzn-sports/S3Rec-amzn-sports-2.pth'
  exists: True, size: 20191402
  first 16 raw bytes: b'PK\x03\x04\x00\x00\x08\x08\x00\x00\x00\x00\x00\x00\x00\x00'
[1;34mwandb[0m: 
[1;34mwandb[0m: 🚀 View run [33ms3rec_amzn-sports[0m at: [34mhttps://wandb.ai/chunings-carnegie-mellon-university/RecSys-Benchmark/runs/bt57ke7c[0m
[1;34mwandb[0m: Find logs at: [1;35mwandb/run-20250420_180627-bt57ke7c/logs[0m
[1;34mwandb[0m: 
[1;34mwandb[0m: 🚀 View run [33ms3rec_amzn-sports[0m at: [34mhttps://wandb.ai/chunings-carnegie-mellon-university/RecSys-Benchmark/runs/wzsrbx1s[0m
[1;34mwandb[0m: Find logs at: [1;35mwandb/run-20250420_180627-wzsrbx1s/logs[0m
