command line args [--model S3Rec --dataset amzn-sports --exp_name s3rec_amzn-sports --nproc 2 --config_files configs/models/S3Rec.yaml configs/datasets/amzn.yaml configs/eval.yaml] will not be used in RecBole
command line args [--model S3Rec --dataset amzn-sports --exp_name s3rec_amzn-sports --nproc 2 --config_files configs/models/S3Rec.yaml configs/datasets/amzn.yaml configs/eval.yaml] will not be used in RecBole
25 Apr 18:42    INFO  ['run_recbole.py', '--model', 'S3Rec', '--dataset', 'amzn-sports', '--exp_name', 's3rec_amzn-sports', '--nproc', '2', '--config_files', 'configs/models/S3Rec.yaml configs/datasets/amzn.yaml configs/eval.yaml']
25 Apr 18:42    INFO  
General Hyper Parameters:
gpu_id = 0,1
use_gpu = True
seed = 42
state = INFO
reproducibility = True
data_path = /data/group_data/cx_group/REC/data/tmp/amzn-sports
checkpoint_dir = /data/group_data/cx_group/REC/checkpoints/s3rec_amzn-sports
show_progress = True
save_dataset = False
dataset_save_path = None
save_dataloaders = False
dataloaders_save_path = None
log_wandb = True

Training Hyper Parameters:
epochs = 50
train_batch_size = 4096
learner = adam
learning_rate = 0.001
train_neg_sample_args = {'distribution': 'none', 'sample_num': 'none', 'alpha': 'none', 'dynamic': False, 'candidate_num': 0}
eval_step = 1
stopping_step = 50
clip_grad_norm = None
weight_decay = 0.0
loss_decimal_place = 4

Evaluation Hyper Parameters:
eval_args = {'split': {'LS': 'valid_and_test'}, 'order': 'TO', 'group_by': 'user', 'mode': {'valid': 'full', 'test': 'full'}}
repeatable = True
metrics = ['Recall', 'NDCG', 'Hit']
topk = [1, 5, 10, 20, 50, 100]
valid_metric = NDCG@10
valid_metric_bigger = True
eval_batch_size = 1024
metric_decimal_place = 4

Dataset Hyper Parameters:
field_separator = 	
seq_separator =  
USER_ID_FIELD = user_id
ITEM_ID_FIELD = item_id
RATING_FIELD = rating
TIME_FIELD = timestamp
seq_len = None
LABEL_FIELD = label
threshold = None
NEG_PREFIX = neg_
load_col = {'inter': ['user_id', 'item_id', 'rating', 'timestamp'], 'item': ['item_id', 'categories', 'average_rating', 'rating_number']}
unload_col = None
unused_col = None
additional_feat_suffix = None
rm_dup_inter = None
val_interval = None
filter_inter_by_user_or_item = True
user_inter_num_interval = [5,inf)
item_inter_num_interval = [5,inf)
alias_of_user_id = None
alias_of_item_id = None
alias_of_entity_id = None
alias_of_relation_id = None
preload_weight = None
normalize_field = None
normalize_all = None
ITEM_LIST_LENGTH_FIELD = item_length
LIST_SUFFIX = _list
MAX_ITEM_LIST_LENGTH = 50
POSITION_FIELD = position_id
HEAD_ENTITY_ID_FIELD = head_id
TAIL_ENTITY_ID_FIELD = tail_id
RELATION_ID_FIELD = relation_id
ENTITY_ID_FIELD = entity_id
benchmark_filename = None

Other Hyper Parameters: 
worker = 0
wandb_project = RecSys-Benchmark
shuffle = True
require_pow = False
enable_amp = False
enable_scaler = False
transform = None
n_layers = 2
n_heads = 2
hidden_size = 64
inner_size = 64
hidden_dropout_prob = 0.5
attn_dropout_prob = 0.5
hidden_act = gelu
layer_norm_eps = 1e-12
initializer_range = 0.02
item_attribute = categories
mask_ratio = 0.2
aap_weight = 1.0
mip_weight = 0.2
map_weight = 1.0
sp_weight = 0.5
train_stage = pretrain
pretrain_epochs = 50
save_step = 1
pre_model_path = 
loss_type = CE
numerical_features = []
discretization = None
kg_reverse_r = False
entity_kg_num_interval = [0,inf)
relation_kg_num_interval = [0,inf)
MODEL_TYPE = ModelType.SEQUENTIAL
world_size = 2
ip = localhost
port = 5678
nproc = 2
offset = 0
local_rank = 0
exp_name = s3rec_amzn-sports
MODEL_INPUT_TYPE = InputType.POINTWISE
eval_type = EvaluatorType.RANKING
device = cuda:0
single_spec = False
valid_neg_sample_args = {'distribution': 'uniform', 'sample_num': 'none'}
test_neg_sample_args = {'distribution': 'uniform', 'sample_num': 'none'}


[rank0]:[W425 18:42:59.821581978 ProcessGroupNCCL.cpp:1496] Warning: WARNING: destroy_process_group() was not called before program exit, which can leak resources. For more info, please see https://pytorch.org/docs/stable/distributed.html#shutdown (function operator())
W0425 18:42:59.958000 2394902 site-packages/torch/multiprocessing/spawn.py:169] Terminating process 2394927 via signal SIGTERM
Traceback (most recent call last):
  File "/data/user_data/chunings/RecSys-Benchmark/RecBole/run_recbole.py", line 49, in <module>
    run(
  File "/data/user_data/chunings/RecSys-Benchmark/RecBole/recbole/quick_start/quick_start.py", line 180, in run
    mp.spawn(
  File "/home/chunings/miniconda3/envs/recsys_ben/lib/python3.10/site-packages/torch/multiprocessing/spawn.py", line 340, in spawn
    return start_processes(fn, args, nprocs, join, daemon, start_method="spawn")
  File "/home/chunings/miniconda3/envs/recsys_ben/lib/python3.10/site-packages/torch/multiprocessing/spawn.py", line 296, in start_processes
    while not context.join():
  File "/home/chunings/miniconda3/envs/recsys_ben/lib/python3.10/site-packages/torch/multiprocessing/spawn.py", line 215, in join
    raise ProcessRaisedException(msg, error_index, failed_process.pid)
torch.multiprocessing.spawn.ProcessRaisedException: 

-- Process 0 terminated with the following error:
Traceback (most recent call last):
  File "/home/chunings/miniconda3/envs/recsys_ben/lib/python3.10/site-packages/torch/multiprocessing/spawn.py", line 90, in _wrap
    fn(i, *args)
  File "/data/user_data/chunings/RecSys-Benchmark/RecBole/recbole/quick_start/quick_start.py", line 312, in run_recboles
    run_recbole(
  File "/data/user_data/chunings/RecSys-Benchmark/RecBole/recbole/quick_start/quick_start.py", line 227, in run_recbole
    dataset = create_dataset(config)
  File "/data/user_data/chunings/RecSys-Benchmark/RecBole/recbole/data/utils.py", line 72, in create_dataset
    dataset = dataset_class(config)
  File "/data/user_data/chunings/RecSys-Benchmark/RecBole/recbole/data/dataset/sequential_dataset.py", line 36, in __init__
    super().__init__(config)
  File "/data/user_data/chunings/RecSys-Benchmark/RecBole/recbole/data/dataset/dataset.py", line 108, in __init__
    self._from_scratch()
  File "/data/user_data/chunings/RecSys-Benchmark/RecBole/recbole/data/dataset/dataset.py", line 120, in _from_scratch
    self._data_processing()
  File "/data/user_data/chunings/RecSys-Benchmark/RecBole/recbole/data/dataset/dataset.py", line 162, in _data_processing
    self._data_filtering()
  File "/data/user_data/chunings/RecSys-Benchmark/RecBole/recbole/data/dataset/dataset.py", line 190, in _data_filtering
    self._reset_index()
  File "/data/user_data/chunings/RecSys-Benchmark/RecBole/recbole/data/dataset/dataset.py", line 1062, in _reset_index
    raise ValueError(
ValueError: Some feat is empty, please check the filtering settings.

