start
the feat name is inter_feat
the feat name is item_feat
start
the feat name is inter_feat
the feat name is item_feat
start
the feat name is inter_feat
the feat name is item_feat
start
the feat name is inter_feat
the feat name is item_feat
start
the feat name is inter_feat
the feat name is item_feat
start
the feat name is inter_feat
the feat name is item_feat
start
the feat name is inter_feat
the feat name is item_feat
start
the feat name is inter_feat
the feat name is item_feat
Saved item details to /data/user_data/chunings/RecSys-Benchmark/RecBole/data_split/amzn-sports/s3rec_amzn-sports/item_details.csv
Saved interaction data to /data/user_data/chunings/RecSys-Benchmark/RecBole/data_split/amzn-sports/s3rec_amzn-sports/train_interactions.csv
Saved interaction data to /data/user_data/chunings/RecSys-Benchmark/RecBole/data_split/amzn-sports/s3rec_amzn-sports/valid_interactions.csv
Saved interaction data to /data/user_data/chunings/RecSys-Benchmark/RecBole/data_split/amzn-sports/s3rec_amzn-sports/test_interactions.csv
Saved item details to /data/user_data/chunings/RecSys-Benchmark/RecBole/data_split/amzn-sports/s3rec_amzn-sports/item_details.csv
Saved interaction data to /data/user_data/chunings/RecSys-Benchmark/RecBole/data_split/amzn-sports/s3rec_amzn-sports/train_interactions.csv
Saved interaction data to /data/user_data/chunings/RecSys-Benchmark/RecBole/data_split/amzn-sports/s3rec_amzn-sports/valid_interactions.csv
Saved item details to /data/user_data/chunings/RecSys-Benchmark/RecBole/data_split/amzn-sports/s3rec_amzn-sports/item_details.csv
Saved interaction data to /data/user_data/chunings/RecSys-Benchmark/RecBole/data_split/amzn-sports/s3rec_amzn-sports/test_interactions.csv
Saved interaction data to /data/user_data/chunings/RecSys-Benchmark/RecBole/data_split/amzn-sports/s3rec_amzn-sports/train_interactions.csv
Saved interaction data to /data/user_data/chunings/RecSys-Benchmark/RecBole/data_split/amzn-sports/s3rec_amzn-sports/valid_interactions.csv
Saved interaction data to /data/user_data/chunings/RecSys-Benchmark/RecBole/data_split/amzn-sports/s3rec_amzn-sports/test_interactions.csv
Saved item details to /data/user_data/chunings/RecSys-Benchmark/RecBole/data_split/amzn-sports/s3rec_amzn-sports/item_details.csv
Saved interaction data to /data/user_data/chunings/RecSys-Benchmark/RecBole/data_split/amzn-sports/s3rec_amzn-sports/train_interactions.csv
Saved interaction data to /data/user_data/chunings/RecSys-Benchmark/RecBole/data_split/amzn-sports/s3rec_amzn-sports/valid_interactions.csv
Saved interaction data to /data/user_data/chunings/RecSys-Benchmark/RecBole/data_split/amzn-sports/s3rec_amzn-sports/test_interactions.csv
Saved item details to /data/user_data/chunings/RecSys-Benchmark/RecBole/data_split/amzn-sports/s3rec_amzn-sports/item_details.csv
Saved item details to /data/user_data/chunings/RecSys-Benchmark/RecBole/data_split/amzn-sports/s3rec_amzn-sports/item_details.csv
Saved interaction data to /data/user_data/chunings/RecSys-Benchmark/RecBole/data_split/amzn-sports/s3rec_amzn-sports/train_interactions.csv
Saved interaction data to /data/user_data/chunings/RecSys-Benchmark/RecBole/data_split/amzn-sports/s3rec_amzn-sports/valid_interactions.csv
Saved interaction data to /data/user_data/chunings/RecSys-Benchmark/RecBole/data_split/amzn-sports/s3rec_amzn-sports/test_interactions.csv
Saved item details to /data/user_data/chunings/RecSys-Benchmark/RecBole/data_split/amzn-sports/s3rec_amzn-sports/item_details.csv
Saved interaction data to /data/user_data/chunings/RecSys-Benchmark/RecBole/data_split/amzn-sports/s3rec_amzn-sports/train_interactions.csv
Saved interaction data to /data/user_data/chunings/RecSys-Benchmark/RecBole/data_split/amzn-sports/s3rec_amzn-sports/valid_interactions.csv
Saved interaction data to /data/user_data/chunings/RecSys-Benchmark/RecBole/data_split/amzn-sports/s3rec_amzn-sports/test_interactions.csv
Saved interaction data to /data/user_data/chunings/RecSys-Benchmark/RecBole/data_split/amzn-sports/s3rec_amzn-sports/train_interactions.csv
Saved interaction data to /data/user_data/chunings/RecSys-Benchmark/RecBole/data_split/amzn-sports/s3rec_amzn-sports/valid_interactions.csv
Saved interaction data to /data/user_data/chunings/RecSys-Benchmark/RecBole/data_split/amzn-sports/s3rec_amzn-sports/test_interactions.csv
Saved item details to /data/user_data/chunings/RecSys-Benchmark/RecBole/data_split/amzn-sports/s3rec_amzn-sports/item_details.csv
Saved interaction data to /data/user_data/chunings/RecSys-Benchmark/RecBole/data_split/amzn-sports/s3rec_amzn-sports/train_interactions.csv
Saved interaction data to /data/user_data/chunings/RecSys-Benchmark/RecBole/data_split/amzn-sports/s3rec_amzn-sports/valid_interactions.csv
Saved interaction data to /data/user_data/chunings/RecSys-Benchmark/RecBole/data_split/amzn-sports/s3rec_amzn-sports/test_interactions.csv
[1;34mwandb[0m: 
[1;34mwandb[0m: 🚀 View run [33ms3rec_amzn-sports[0m at: [34mhttps://wandb.ai/chunings-carnegie-mellon-university/RecSys-Benchmark/runs/hbehhnz7[0m
[1;34mwandb[0m: Find logs at: [1;35mwandb/run-20250428_140531-hbehhnz7/logs[0m
[1;34mwandb[0m: 
[1;34mwandb[0m: 🚀 View run [33ms3rec_amzn-sports[0m at: [34mhttps://wandb.ai/chunings-carnegie-mellon-university/RecSys-Benchmark/runs/4lb8ilo5[0m
[1;34mwandb[0m: Find logs at: [1;35mwandb/run-20250428_140531-4lb8ilo5/logs[0m
[1;34mwandb[0m: 
[1;34mwandb[0m: 🚀 View run [33ms3rec_amzn-sports[0m at: [34mhttps://wandb.ai/chunings-carnegie-mellon-university/RecSys-Benchmark/runs/wuzrjvbo[0m
[1;34mwandb[0m: Find logs at: [1;35mwandb/run-20250428_140531-wuzrjvbo/logs[0m
[1;34mwandb[0m: 
[1;34mwandb[0m: 🚀 View run [33ms3rec_amzn-sports[0m at: [34mhttps://wandb.ai/chunings-carnegie-mellon-university/RecSys-Benchmark/runs/ikgrgscs[0m
[1;34mwandb[0m: Find logs at: [1;35mwandb/run-20250428_140531-ikgrgscs/logs[0m
[1;34mwandb[0m: 
[1;34mwandb[0m: 🚀 View run [33ms3rec_amzn-sports[0m at: [34mhttps://wandb.ai/chunings-carnegie-mellon-university/RecSys-Benchmark/runs/dpjr1m1t[0m
[1;34mwandb[0m: Find logs at: [1;35mwandb/run-20250428_140531-dpjr1m1t/logs[0m
[1;34mwandb[0m: 
[1;34mwandb[0m: 🚀 View run [33ms3rec_amzn-sports[0m at: [34mhttps://wandb.ai/chunings-carnegie-mellon-university/RecSys-Benchmark/runs/o34pfu25[0m
[1;34mwandb[0m: Find logs at: [1;35mwandb/run-20250428_140531-o34pfu25/logs[0m
[1;34mwandb[0m: 
[1;34mwandb[0m: 🚀 View run [33ms3rec_amzn-sports[0m at: [34mhttps://wandb.ai/chunings-carnegie-mellon-university/RecSys-Benchmark/runs/dfp85vxz[0m
[1;34mwandb[0m: Find logs at: [1;35mwandb/run-20250428_140531-dfp85vxz/logs[0m
[1;34mwandb[0m: 
[1;34mwandb[0m: 🚀 View run [33ms3rec_amzn-sports[0m at: [34mhttps://wandb.ai/chunings-carnegie-mellon-university/RecSys-Benchmark/runs/1uwruu9w[0m
[1;34mwandb[0m: Find logs at: [1;35mwandb/run-20250428_140531-1uwruu9w/logs[0m
