start
the feat name is inter_feat
the feat name is item_feat
start
the feat name is inter_feat
the feat name is item_feat
start
the feat name is inter_feat
the feat name is item_feat
start
the feat name is inter_feat
the feat name is item_feat
start
the feat name is inter_feat
the feat name is item_feat
start
the feat name is inter_feat
the feat name is item_feat
start
the feat name is inter_feat
the feat name is item_feat
start
the feat name is inter_feat
the feat name is item_feat
Saved item details to /data/user_data/chunings/RecSys-Benchmark/RecBole/data_split/amzn-sports/s3rec_amzn-sports/item_details.csv
Saved item details to /data/user_data/chunings/RecSys-Benchmark/RecBole/data_split/amzn-sports/s3rec_amzn-sports/item_details.csv
Saved item details to /data/user_data/chunings/RecSys-Benchmark/RecBole/data_split/amzn-sports/s3rec_amzn-sports/item_details.csv
Saved item details to /data/user_data/chunings/RecSys-Benchmark/RecBole/data_split/amzn-sports/s3rec_amzn-sports/item_details.csv
Saved item details to /data/user_data/chunings/RecSys-Benchmark/RecBole/data_split/amzn-sports/s3rec_amzn-sports/item_details.csv
Saved interaction data to /data/user_data/chunings/RecSys-Benchmark/RecBole/data_split/amzn-sports/s3rec_amzn-sports/train_interactions.csv
Saved interaction data to /data/user_data/chunings/RecSys-Benchmark/RecBole/data_split/amzn-sports/s3rec_amzn-sports/valid_interactions.csv
Saved interaction data to /data/user_data/chunings/RecSys-Benchmark/RecBole/data_split/amzn-sports/s3rec_amzn-sports/train_interactions.csv
Saved interaction data to /data/user_data/chunings/RecSys-Benchmark/RecBole/data_split/amzn-sports/s3rec_amzn-sports/test_interactions.csv
Saved interaction data to /data/user_data/chunings/RecSys-Benchmark/RecBole/data_split/amzn-sports/s3rec_amzn-sports/valid_interactions.csv
Saved item details to /data/user_data/chunings/RecSys-Benchmark/RecBole/data_split/amzn-sports/s3rec_amzn-sports/item_details.csv
Saved item details to /data/user_data/chunings/RecSys-Benchmark/RecBole/data_split/amzn-sports/s3rec_amzn-sports/item_details.csv
Saved interaction data to /data/user_data/chunings/RecSys-Benchmark/RecBole/data_split/amzn-sports/s3rec_amzn-sports/test_interactions.csv
Saved interaction data to /data/user_data/chunings/RecSys-Benchmark/RecBole/data_split/amzn-sports/s3rec_amzn-sports/train_interactions.csv
Saved interaction data to /data/user_data/chunings/RecSys-Benchmark/RecBole/data_split/amzn-sports/s3rec_amzn-sports/train_interactions.csv
Saved item details to /data/user_data/chunings/RecSys-Benchmark/RecBole/data_split/amzn-sports/s3rec_amzn-sports/item_details.csv
Saved interaction data to /data/user_data/chunings/RecSys-Benchmark/RecBole/data_split/amzn-sports/s3rec_amzn-sports/valid_interactions.csv
Saved interaction data to /data/user_data/chunings/RecSys-Benchmark/RecBole/data_split/amzn-sports/s3rec_amzn-sports/valid_interactions.csv
Saved interaction data to /data/user_data/chunings/RecSys-Benchmark/RecBole/data_split/amzn-sports/s3rec_amzn-sports/test_interactions.csv
Saved interaction data to /data/user_data/chunings/RecSys-Benchmark/RecBole/data_split/amzn-sports/s3rec_amzn-sports/test_interactions.csv
Saved interaction data to /data/user_data/chunings/RecSys-Benchmark/RecBole/data_split/amzn-sports/s3rec_amzn-sports/train_interactions.csv
Saved interaction data to /data/user_data/chunings/RecSys-Benchmark/RecBole/data_split/amzn-sports/s3rec_amzn-sports/valid_interactions.csv
Saved interaction data to /data/user_data/chunings/RecSys-Benchmark/RecBole/data_split/amzn-sports/s3rec_amzn-sports/test_interactions.csv
Saved interaction data to /data/user_data/chunings/RecSys-Benchmark/RecBole/data_split/amzn-sports/s3rec_amzn-sports/train_interactions.csv
Saved interaction data to /data/user_data/chunings/RecSys-Benchmark/RecBole/data_split/amzn-sports/s3rec_amzn-sports/train_interactions.csv
Saved interaction data to /data/user_data/chunings/RecSys-Benchmark/RecBole/data_split/amzn-sports/s3rec_amzn-sports/train_interactions.csv
Saved interaction data to /data/user_data/chunings/RecSys-Benchmark/RecBole/data_split/amzn-sports/s3rec_amzn-sports/valid_interactions.csv
Saved interaction data to /data/user_data/chunings/RecSys-Benchmark/RecBole/data_split/amzn-sports/s3rec_amzn-sports/valid_interactions.csv
Saved interaction data to /data/user_data/chunings/RecSys-Benchmark/RecBole/data_split/amzn-sports/s3rec_amzn-sports/valid_interactions.csv
Saved interaction data to /data/user_data/chunings/RecSys-Benchmark/RecBole/data_split/amzn-sports/s3rec_amzn-sports/test_interactions.csv
Saved interaction data to /data/user_data/chunings/RecSys-Benchmark/RecBole/data_split/amzn-sports/s3rec_amzn-sports/test_interactions.csv
Saved interaction data to /data/user_data/chunings/RecSys-Benchmark/RecBole/data_split/amzn-sports/s3rec_amzn-sports/test_interactions.csv
Failed to load checkpoint at '/data/group_data/cx_group/REC/checkpoints/s3rec_amzn-sports/S3Rec-amzn-sports-10.pth'
  exists: True, size: 122546210
  first 16 raw bytes: b'PK\x03\x04\x00\x00\x08\x08\x00\x00\x00\x00\x00\x00\x00\x00'
Failed to load checkpoint at '/data/group_data/cx_group/REC/checkpoints/s3rec_amzn-sports/S3Rec-amzn-sports-10.pth'
  exists: True, size: 122546210
  first 16 raw bytes: b'PK\x03\x04\x00\x00\x08\x08\x00\x00\x00\x00\x00\x00\x00\x00'
Failed to load checkpoint at '/data/group_data/cx_group/REC/checkpoints/s3rec_amzn-sports/S3Rec-amzn-sports-10.pth'
  exists: True, size: 122546210
  first 16 raw bytes: b'PK\x03\x04\x00\x00\x08\x08\x00\x00\x00\x00\x00\x00\x00\x00'
Failed to load checkpoint at '/data/group_data/cx_group/REC/checkpoints/s3rec_amzn-sports/S3Rec-amzn-sports-10.pth'
  exists: True, size: 122546210
  first 16 raw bytes: b'PK\x03\x04\x00\x00\x08\x08\x00\x00\x00\x00\x00\x00\x00\x00'
Failed to load checkpoint at '/data/group_data/cx_group/REC/checkpoints/s3rec_amzn-sports/S3Rec-amzn-sports-10.pth'
  exists: True, size: 122546210
  first 16 raw bytes: b'PK\x03\x04\x00\x00\x08\x08\x00\x00\x00\x00\x00\x00\x00\x00'
Failed to load checkpoint at '/data/group_data/cx_group/REC/checkpoints/s3rec_amzn-sports/S3Rec-amzn-sports-10.pth'
  exists: True, size: 122546210
  first 16 raw bytes: b'PK\x03\x04\x00\x00\x08\x08\x00\x00\x00\x00\x00\x00\x00\x00'
Failed to load checkpoint at '/data/group_data/cx_group/REC/checkpoints/s3rec_amzn-sports/S3Rec-amzn-sports-10.pth'
  exists: True, size: 122546210
  first 16 raw bytes: b'PK\x03\x04\x00\x00\x08\x08\x00\x00\x00\x00\x00\x00\x00\x00'
Failed to load checkpoint at '/data/group_data/cx_group/REC/checkpoints/s3rec_amzn-sports/S3Rec-amzn-sports-10.pth'
  exists: True, size: 122546210
  first 16 raw bytes: b'PK\x03\x04\x00\x00\x08\x08\x00\x00\x00\x00\x00\x00\x00\x00'
[1;34mwandb[0m: 
[1;34mwandb[0m: 🚀 View run [33ms3rec_amzn-sports[0m at: [34mhttps://wandb.ai/chunings-carnegie-mellon-university/RecSys-Benchmark/runs/x0pe8541[0m
[1;34mwandb[0m: Find logs at: [1;35mwandb/run-20250425_210045-x0pe8541/logs[0m
[1;34mwandb[0m: 
[1;34mwandb[0m: 🚀 View run [33ms3rec_amzn-sports[0m at: [34mhttps://wandb.ai/chunings-carnegie-mellon-university/RecSys-Benchmark/runs/nt679yx2[0m
[1;34mwandb[0m: Find logs at: [1;35mwandb/run-20250425_210045-nt679yx2/logs[0m
[1;34mwandb[0m: 
[1;34mwandb[0m: 🚀 View run [33ms3rec_amzn-sports[0m at: [34mhttps://wandb.ai/chunings-carnegie-mellon-university/RecSys-Benchmark/runs/crzvcra1[0m
[1;34mwandb[0m: Find logs at: [1;35mwandb/run-20250425_210045-crzvcra1/logs[0m
[1;34mwandb[0m: 
[1;34mwandb[0m: 🚀 View run [33ms3rec_amzn-sports[0m at: [34mhttps://wandb.ai/chunings-carnegie-mellon-university/RecSys-Benchmark/runs/gjwlh2pv[0m
[1;34mwandb[0m: Find logs at: [1;35mwandb/run-20250425_210045-gjwlh2pv/logs[0m
[1;34mwandb[0m: 
[1;34mwandb[0m: 🚀 View run [33ms3rec_amzn-sports[0m at: [34mhttps://wandb.ai/chunings-carnegie-mellon-university/RecSys-Benchmark/runs/gz1tzg8m[0m
[1;34mwandb[0m: Find logs at: [1;35mwandb/run-20250425_210045-gz1tzg8m/logs[0m
[1;34mwandb[0m: 
[1;34mwandb[0m: 🚀 View run [33ms3rec_amzn-sports[0m at: [34mhttps://wandb.ai/chunings-carnegie-mellon-university/RecSys-Benchmark/runs/ia2io3j7[0m
[1;34mwandb[0m: Find logs at: [1;35mwandb/run-20250425_210045-ia2io3j7/logs[0m
[1;34mwandb[0m: 
[1;34mwandb[0m: 🚀 View run [33ms3rec_amzn-sports[0m at: [34mhttps://wandb.ai/chunings-carnegie-mellon-university/RecSys-Benchmark/runs/zoqppn4e[0m
[1;34mwandb[0m: Find logs at: [1;35mwandb/run-20250425_210045-zoqppn4e/logs[0m
[1;34mwandb[0m: 
[1;34mwandb[0m: 🚀 View run [33ms3rec_amzn-sports[0m at: [34mhttps://wandb.ai/chunings-carnegie-mellon-university/RecSys-Benchmark/runs/2cxnpmee[0m
[1;34mwandb[0m: Find logs at: [1;35mwandb/run-20250425_210045-2cxnpmee/logs[0m
