start
the feat name is inter_feat
the feat name is item_feat
start
the feat name is inter_feat
the feat name is item_feat
start
the feat name is inter_feat
the feat name is item_feat
start
the feat name is inter_feat
the feat name is item_feat
start
the feat name is inter_feat
the feat name is item_feat
start
the feat name is inter_feat
the feat name is item_feat
start
the feat name is inter_feat
the feat name is item_feat
start
the feat name is inter_feat
the feat name is item_feat
Saved item details to /data/user_data/chunings/RecSys-Benchmark/RecBole/data_split/amzn-sports/s3rec_amzn-sports/item_details.csv
Saved item details to /data/user_data/chunings/RecSys-Benchmark/RecBole/data_split/amzn-sports/s3rec_amzn-sports/item_details.csv
Saved item details to /data/user_data/chunings/RecSys-Benchmark/RecBole/data_split/amzn-sports/s3rec_amzn-sports/item_details.csv
Saved interaction data to /data/user_data/chunings/RecSys-Benchmark/RecBole/data_split/amzn-sports/s3rec_amzn-sports/train_interactions.csv
Saved item details to /data/user_data/chunings/RecSys-Benchmark/RecBole/data_split/amzn-sports/s3rec_amzn-sports/item_details.csv
Saved interaction data to /data/user_data/chunings/RecSys-Benchmark/RecBole/data_split/amzn-sports/s3rec_amzn-sports/valid_interactions.csv
Saved interaction data to /data/user_data/chunings/RecSys-Benchmark/RecBole/data_split/amzn-sports/s3rec_amzn-sports/train_interactions.csv
Saved interaction data to /data/user_data/chunings/RecSys-Benchmark/RecBole/data_split/amzn-sports/s3rec_amzn-sports/test_interactions.csv
Saved interaction data to /data/user_data/chunings/RecSys-Benchmark/RecBole/data_split/amzn-sports/s3rec_amzn-sports/valid_interactions.csv
Saved interaction data to /data/user_data/chunings/RecSys-Benchmark/RecBole/data_split/amzn-sports/s3rec_amzn-sports/train_interactions.csv
Saved interaction data to /data/user_data/chunings/RecSys-Benchmark/RecBole/data_split/amzn-sports/s3rec_amzn-sports/test_interactions.csv
Saved item details to /data/user_data/chunings/RecSys-Benchmark/RecBole/data_split/amzn-sports/s3rec_amzn-sports/item_details.csv
Saved interaction data to /data/user_data/chunings/RecSys-Benchmark/RecBole/data_split/amzn-sports/s3rec_amzn-sports/valid_interactions.csv
Saved item details to /data/user_data/chunings/RecSys-Benchmark/RecBole/data_split/amzn-sports/s3rec_amzn-sports/item_details.csv
Saved interaction data to /data/user_data/chunings/RecSys-Benchmark/RecBole/data_split/amzn-sports/s3rec_amzn-sports/test_interactions.csv
Saved interaction data to /data/user_data/chunings/RecSys-Benchmark/RecBole/data_split/amzn-sports/s3rec_amzn-sports/train_interactions.csv
Saved interaction data to /data/user_data/chunings/RecSys-Benchmark/RecBole/data_split/amzn-sports/s3rec_amzn-sports/valid_interactions.csv
Saved interaction data to /data/user_data/chunings/RecSys-Benchmark/RecBole/data_split/amzn-sports/s3rec_amzn-sports/test_interactions.csv
Saved interaction data to /data/user_data/chunings/RecSys-Benchmark/RecBole/data_split/amzn-sports/s3rec_amzn-sports/train_interactions.csv
Saved interaction data to /data/user_data/chunings/RecSys-Benchmark/RecBole/data_split/amzn-sports/s3rec_amzn-sports/valid_interactions.csv
Saved interaction data to /data/user_data/chunings/RecSys-Benchmark/RecBole/data_split/amzn-sports/s3rec_amzn-sports/train_interactions.csv
Saved interaction data to /data/user_data/chunings/RecSys-Benchmark/RecBole/data_split/amzn-sports/s3rec_amzn-sports/valid_interactions.csv
Saved interaction data to /data/user_data/chunings/RecSys-Benchmark/RecBole/data_split/amzn-sports/s3rec_amzn-sports/test_interactions.csv
Saved interaction data to /data/user_data/chunings/RecSys-Benchmark/RecBole/data_split/amzn-sports/s3rec_amzn-sports/test_interactions.csv
Saved item details to /data/user_data/chunings/RecSys-Benchmark/RecBole/data_split/amzn-sports/s3rec_amzn-sports/item_details.csv
Saved item details to /data/user_data/chunings/RecSys-Benchmark/RecBole/data_split/amzn-sports/s3rec_amzn-sports/item_details.csv
Saved interaction data to /data/user_data/chunings/RecSys-Benchmark/RecBole/data_split/amzn-sports/s3rec_amzn-sports/train_interactions.csv
Saved interaction data to /data/user_data/chunings/RecSys-Benchmark/RecBole/data_split/amzn-sports/s3rec_amzn-sports/valid_interactions.csv
Saved interaction data to /data/user_data/chunings/RecSys-Benchmark/RecBole/data_split/amzn-sports/s3rec_amzn-sports/test_interactions.csv
Saved interaction data to /data/user_data/chunings/RecSys-Benchmark/RecBole/data_split/amzn-sports/s3rec_amzn-sports/train_interactions.csv
Saved interaction data to /data/user_data/chunings/RecSys-Benchmark/RecBole/data_split/amzn-sports/s3rec_amzn-sports/valid_interactions.csv
Saved interaction data to /data/user_data/chunings/RecSys-Benchmark/RecBole/data_split/amzn-sports/s3rec_amzn-sports/test_interactions.csv
[1;34mwandb[0m: 
[1;34mwandb[0m: 🚀 View run [33ms3rec_amzn-sports[0m at: [34mhttps://wandb.ai/chunings-carnegie-mellon-university/RecSys-Benchmark/runs/rn79z991[0m
[1;34mwandb[0m: Find logs at: [1;35mwandb/run-20250428_144815-rn79z991/logs[0m
[1;34mwandb[0m: 
[1;34mwandb[0m: 🚀 View run [33ms3rec_amzn-sports[0m at: [34mhttps://wandb.ai/chunings-carnegie-mellon-university/RecSys-Benchmark/runs/33ghjh5x[0m
[1;34mwandb[0m: Find logs at: [1;35mwandb/run-20250428_144815-33ghjh5x/logs[0m
[1;34mwandb[0m: 
[1;34mwandb[0m: 🚀 View run [33ms3rec_amzn-sports[0m at: [34mhttps://wandb.ai/chunings-carnegie-mellon-university/RecSys-Benchmark/runs/aks3v9pg[0m
[1;34mwandb[0m: Find logs at: [1;35mwandb/run-20250428_144815-aks3v9pg/logs[0m
[1;34mwandb[0m: 
[1;34mwandb[0m: 🚀 View run [33ms3rec_amzn-sports[0m at: [34mhttps://wandb.ai/chunings-carnegie-mellon-university/RecSys-Benchmark/runs/9za60a6c[0m
[1;34mwandb[0m: Find logs at: [1;35mwandb/run-20250428_144815-9za60a6c/logs[0m
[1;34mwandb[0m: 
[1;34mwandb[0m: 🚀 View run [33ms3rec_amzn-sports[0m at: [34mhttps://wandb.ai/chunings-carnegie-mellon-university/RecSys-Benchmark/runs/9d51p482[0m
[1;34mwandb[0m: Find logs at: [1;35mwandb/run-20250428_144815-9d51p482/logs[0m
[1;34mwandb[0m: 
[1;34mwandb[0m: 🚀 View run [33ms3rec_amzn-sports[0m at: [34mhttps://wandb.ai/chunings-carnegie-mellon-university/RecSys-Benchmark/runs/oetqp47y[0m
[1;34mwandb[0m: Find logs at: [1;35mwandb/run-20250428_144815-oetqp47y/logs[0m
