[1;34mwandb[0m: 
[1;34mwandb[0m: 🚀 View run [33ms3rec_amzn-sports[0m at: [34mhttps://wandb.ai/chunings-carnegie-mellon-university/RecSys-Benchmark/runs/0sayh0g1[0m
[1;34mwandb[0m: Find logs at: [1;35mwandb/run-20250407_231049-0sayh0g1/logs[0m
[1;34mwandb[0m: 
[1;34mwandb[0m: 🚀 View run [33ms3rec_amzn-sports[0m at: [34mhttps://wandb.ai/chunings-carnegie-mellon-university/RecSys-Benchmark/runs/1m1yz4ro[0m
[1;34mwandb[0m: Find logs at: [1;35mwandb/run-20250407_231049-1m1yz4ro/logs[0m
[1;34mwandb[0m: 
[1;34mwandb[0m: 🚀 View run [33ms3rec_amzn-sports[0m at: [34mhttps://wandb.ai/chunings-carnegie-mellon-university/RecSys-Benchmark/runs/ktf7ufhj[0m
[1;34mwandb[0m: Find logs at: [1;35mwandb/run-20250407_231049-ktf7ufhj/logs[0m
[1;34mwandb[0m: 
[1;34mwandb[0m: 🚀 View run [33ms3rec_amzn-sports[0m at: [34mhttps://wandb.ai/chunings-carnegie-mellon-university/RecSys-Benchmark/runs/8fo2wjil[0m
[1;34mwandb[0m: Find logs at: [1;35mwandb/run-20250407_231049-8fo2wjil/logs[0m
[1;34mwandb[0m: 
[1;34mwandb[0m: 🚀 View run [33ms3rec_amzn-sports[0m at: [34mhttps://wandb.ai/chunings-carnegie-mellon-university/RecSys-Benchmark/runs/t54kikre[0m
[1;34mwandb[0m: Find logs at: [1;35mwandb/run-20250407_231049-t54kikre/logs[0m
[1;34mwandb[0m: 
[1;34mwandb[0m: 🚀 View run [33ms3rec_amzn-sports[0m at: [34mhttps://wandb.ai/chunings-carnegie-mellon-university/RecSys-Benchmark/runs/vstkijpz[0m
[1;34mwandb[0m: Find logs at: [1;35mwandb/run-20250407_231049-vstkijpz/logs[0m
[1;34mwandb[0m: 
[1;34mwandb[0m: 🚀 View run [33ms3rec_amzn-sports[0m at: [34mhttps://wandb.ai/chunings-carnegie-mellon-university/RecSys-Benchmark/runs/kg3px7aq[0m
[1;34mwandb[0m: Find logs at: [1;35mwandb/run-20250407_231049-kg3px7aq/logs[0m
[1;34mwandb[0m: 
[1;34mwandb[0m: 🚀 View run [33ms3rec_amzn-sports[0m at: [34mhttps://wandb.ai/chunings-carnegie-mellon-university/RecSys-Benchmark/runs/12idliom[0m
[1;34mwandb[0m: Find logs at: [1;35mwandb/run-20250407_231049-12idliom/logs[0m
