Saved item details to /data/user_data/chunings/RecSys-Benchmark/RecBole/data_split/amzn-sports/s3rec_amzn-sports/item_details.csv
Saved item details to /data/user_data/chunings/RecSys-Benchmark/RecBole/data_split/amzn-sports/s3rec_amzn-sports/item_details.csv
Saved item details to /data/user_data/chunings/RecSys-Benchmark/RecBole/data_split/amzn-sports/s3rec_amzn-sports/item_details.csv
Saved item details to /data/user_data/chunings/RecSys-Benchmark/RecBole/data_split/amzn-sports/s3rec_amzn-sports/item_details.csv
Saved item details to /data/user_data/chunings/RecSys-Benchmark/RecBole/data_split/amzn-sports/s3rec_amzn-sports/item_details.csv
Saved item details to /data/user_data/chunings/RecSys-Benchmark/RecBole/data_split/amzn-sports/s3rec_amzn-sports/item_details.csv
Saved interaction data to /data/user_data/chunings/RecSys-Benchmark/RecBole/data_split/amzn-sports/s3rec_amzn-sports/train_interactions.csv
Saved interaction data to /data/user_data/chunings/RecSys-Benchmark/RecBole/data_split/amzn-sports/s3rec_amzn-sports/valid_interactions.csv
Saved interaction data to /data/user_data/chunings/RecSys-Benchmark/RecBole/data_split/amzn-sports/s3rec_amzn-sports/test_interactions.csv
Saved interaction data to /data/user_data/chunings/RecSys-Benchmark/RecBole/data_split/amzn-sports/s3rec_amzn-sports/train_interactions.csv
Saved interaction data to /data/user_data/chunings/RecSys-Benchmark/RecBole/data_split/amzn-sports/s3rec_amzn-sports/train_interactions.csv
Saved interaction data to /data/user_data/chunings/RecSys-Benchmark/RecBole/data_split/amzn-sports/s3rec_amzn-sports/valid_interactions.csv
Saved interaction data to /data/user_data/chunings/RecSys-Benchmark/RecBole/data_split/amzn-sports/s3rec_amzn-sports/valid_interactions.csv
Saved item details to /data/user_data/chunings/RecSys-Benchmark/RecBole/data_split/amzn-sports/s3rec_amzn-sports/item_details.csv
Saved interaction data to /data/user_data/chunings/RecSys-Benchmark/RecBole/data_split/amzn-sports/s3rec_amzn-sports/test_interactions.csv
Saved interaction data to /data/user_data/chunings/RecSys-Benchmark/RecBole/data_split/amzn-sports/s3rec_amzn-sports/train_interactions.csv
Saved interaction data to /data/user_data/chunings/RecSys-Benchmark/RecBole/data_split/amzn-sports/s3rec_amzn-sports/test_interactions.csv
Saved interaction data to /data/user_data/chunings/RecSys-Benchmark/RecBole/data_split/amzn-sports/s3rec_amzn-sports/train_interactions.csv
Saved interaction data to /data/user_data/chunings/RecSys-Benchmark/RecBole/data_split/amzn-sports/s3rec_amzn-sports/train_interactions.csv
Saved interaction data to /data/user_data/chunings/RecSys-Benchmark/RecBole/data_split/amzn-sports/s3rec_amzn-sports/valid_interactions.csv
Saved interaction data to /data/user_data/chunings/RecSys-Benchmark/RecBole/data_split/amzn-sports/s3rec_amzn-sports/valid_interactions.csv
Saved interaction data to /data/user_data/chunings/RecSys-Benchmark/RecBole/data_split/amzn-sports/s3rec_amzn-sports/valid_interactions.csv
Saved interaction data to /data/user_data/chunings/RecSys-Benchmark/RecBole/data_split/amzn-sports/s3rec_amzn-sports/test_interactions.csv
Saved interaction data to /data/user_data/chunings/RecSys-Benchmark/RecBole/data_split/amzn-sports/s3rec_amzn-sports/test_interactions.csv
Saved interaction data to /data/user_data/chunings/RecSys-Benchmark/RecBole/data_split/amzn-sports/s3rec_amzn-sports/test_interactions.csv
Saved item details to /data/user_data/chunings/RecSys-Benchmark/RecBole/data_split/amzn-sports/s3rec_amzn-sports/item_details.csv
Saved interaction data to /data/user_data/chunings/RecSys-Benchmark/RecBole/data_split/amzn-sports/s3rec_amzn-sports/train_interactions.csv
Saved interaction data to /data/user_data/chunings/RecSys-Benchmark/RecBole/data_split/amzn-sports/s3rec_amzn-sports/valid_interactions.csv
Saved interaction data to /data/user_data/chunings/RecSys-Benchmark/RecBole/data_split/amzn-sports/s3rec_amzn-sports/test_interactions.csv
Saved interaction data to /data/user_data/chunings/RecSys-Benchmark/RecBole/data_split/amzn-sports/s3rec_amzn-sports/train_interactions.csv
Saved interaction data to /data/user_data/chunings/RecSys-Benchmark/RecBole/data_split/amzn-sports/s3rec_amzn-sports/valid_interactions.csv
Saved interaction data to /data/user_data/chunings/RecSys-Benchmark/RecBole/data_split/amzn-sports/s3rec_amzn-sports/test_interactions.csv
[1;34mwandb[0m: 
[1;34mwandb[0m: 🚀 View run [33ms3rec_amzn-sports[0m at: [34mhttps://wandb.ai/chunings-carnegie-mellon-university/RecSys-Benchmark/runs/ri2wq85q[0m
[1;34mwandb[0m: Find logs at: [1;35mwandb/run-20250423_124705-ri2wq85q/logs[0m
[1;34mwandb[0m: 
[1;34mwandb[0m: 🚀 View run [33ms3rec_amzn-sports[0m at: [34mhttps://wandb.ai/chunings-carnegie-mellon-university/RecSys-Benchmark/runs/cvlwgq35[0m
[1;34mwandb[0m: Find logs at: [1;35mwandb/run-20250423_124705-cvlwgq35/logs[0m
[1;34mwandb[0m: 
[1;34mwandb[0m: 🚀 View run [33ms3rec_amzn-sports[0m at: [34mhttps://wandb.ai/chunings-carnegie-mellon-university/RecSys-Benchmark/runs/w2sy016a[0m
[1;34mwandb[0m: Find logs at: [1;35mwandb/run-20250423_124705-w2sy016a/logs[0m
[1;34mwandb[0m: 
[1;34mwandb[0m: 🚀 View run [33ms3rec_amzn-sports[0m at: [34mhttps://wandb.ai/chunings-carnegie-mellon-university/RecSys-Benchmark/runs/ley0tdas[0m
[1;34mwandb[0m: Find logs at: [1;35mwandb/run-20250423_124705-ley0tdas/logs[0m
[1;34mwandb[0m: 
[1;34mwandb[0m: 🚀 View run [33ms3rec_amzn-sports[0m at: [34mhttps://wandb.ai/chunings-carnegie-mellon-university/RecSys-Benchmark/runs/jv8ay4h1[0m
[1;34mwandb[0m: Find logs at: [1;35mwandb/run-20250423_124705-jv8ay4h1/logs[0m
[1;34mwandb[0m: 
[1;34mwandb[0m: 🚀 View run [33ms3rec_amzn-sports[0m at: [34mhttps://wandb.ai/chunings-carnegie-mellon-university/RecSys-Benchmark/runs/3z3tzxpb[0m
[1;34mwandb[0m: Find logs at: [1;35mwandb/run-20250423_124705-3z3tzxpb/logs[0m
[1;34mwandb[0m: 
[1;34mwandb[0m: 🚀 View run [33ms3rec_amzn-sports[0m at: [34mhttps://wandb.ai/chunings-carnegie-mellon-university/RecSys-Benchmark/runs/10lz0sws[0m
[1;34mwandb[0m: Find logs at: [1;35mwandb/run-20250423_124705-10lz0sws/logs[0m
[1;34mwandb[0m: 
[1;34mwandb[0m: 🚀 View run [33ms3rec_amzn-sports[0m at: [34mhttps://wandb.ai/chunings-carnegie-mellon-university/RecSys-Benchmark/runs/qfjylrhe[0m
[1;34mwandb[0m: Find logs at: [1;35mwandb/run-20250423_124705-qfjylrhe/logs[0m
