command line args [--model SASRecF --dataset amzn-books --exp_name SASRecf_amzn-books --nproc 1 --config_files configs/models/sasrecf.yaml configs/datasets/amzn.yaml configs/eval.yaml] will not be used in RecBole
14 Mar 22:14    INFO  ['run_recbole.py', '--model', 'SASRecF', '--dataset', 'amzn-books', '--exp_name', 'SASRecf_amzn-books', '--nproc', '1', '--config_files', 'configs/models/sasrecf.yaml configs/datasets/amzn.yaml configs/eval.yaml']
14 Mar 22:14    INFO  
General Hyper Parameters:
gpu_id = 0
use_gpu = True
seed = 42
state = INFO
reproducibility = True
data_path = /data/group_data/cx_group/REC/data/amzn-books
checkpoint_dir = /data/group_data/cx_group/REC/checkpoints/SASRecf_amzn-books
show_progress = True
save_dataset = False
dataset_save_path = None
save_dataloaders = False
dataloaders_save_path = None
log_wandb = True

Training Hyper Parameters:
epochs = 300
train_batch_size = 8192
learner = adam
learning_rate = 0.0001
train_neg_sample_args = {'distribution': 'none', 'sample_num': 'none', 'alpha': 'none', 'dynamic': False, 'candidate_num': 0}
eval_step = 1
stopping_step = 50
clip_grad_norm = None
weight_decay = 0.0
loss_decimal_place = 4

Evaluation Hyper Parameters:
eval_args = {'split': {'LS': 'valid_and_test'}, 'order': 'TO', 'group_by': 'user', 'mode': {'valid': 'full', 'test': 'full'}}
repeatable = True
metrics = ['Recall', 'NDCG', 'Hit']
topk = [1, 5, 10, 20, 50, 100]
valid_metric = NDCG@10
valid_metric_bigger = True
eval_batch_size = 1024
metric_decimal_place = 4

Dataset Hyper Parameters:
field_separator = 	
seq_separator =  
USER_ID_FIELD = user_id
ITEM_ID_FIELD = item_id
RATING_FIELD = rating
TIME_FIELD = timestamp
seq_len = None
LABEL_FIELD = label
threshold = None
NEG_PREFIX = neg_
load_col = {'inter': ['user_id', 'item_id', 'rating', 'timestamp'], 'item': ['item_id', 'categories', 'average_rating', 'rating_number']}
unload_col = None
unused_col = None
additional_feat_suffix = None
rm_dup_inter = None
val_interval = None
filter_inter_by_user_or_item = True
user_inter_num_interval = [5,inf)
item_inter_num_interval = [5,inf)
alias_of_user_id = None
alias_of_item_id = None
alias_of_entity_id = None
alias_of_relation_id = None
preload_weight = None
normalize_field = None
normalize_all = None
ITEM_LIST_LENGTH_FIELD = item_length
LIST_SUFFIX = _list
MAX_ITEM_LIST_LENGTH = 50
POSITION_FIELD = position_id
HEAD_ENTITY_ID_FIELD = head_id
TAIL_ENTITY_ID_FIELD = tail_id
RELATION_ID_FIELD = relation_id
ENTITY_ID_FIELD = entity_id
benchmark_filename = None

Other Hyper Parameters: 
worker = 0
wandb_project = RecSys-Benchmark
shuffle = True
require_pow = False
enable_amp = False
enable_scaler = False
transform = None
n_layers = 4
n_heads = 8
hidden_size = 256
inner_size = 256
hidden_dropout_prob = 0.5
attn_dropout_prob = 0.5
hidden_act = gelu
layer_norm_eps = 1e-12
initializer_range = 0.02
selected_features = ['categories']
pooling_mode = max
loss_type = CE
numerical_features = []
discretization = None
kg_reverse_r = False
entity_kg_num_interval = [0,inf)
relation_kg_num_interval = [0,inf)
MODEL_TYPE = ModelType.SEQUENTIAL
save_step = 10
item_attribute = categories
aap_weight = 1.0
mip_weight = 0.2
exp_name = SASRecf_amzn-books
MODEL_INPUT_TYPE = InputType.POINTWISE
eval_type = EvaluatorType.RANKING
single_spec = True
local_rank = 0
device = cuda
valid_neg_sample_args = {'distribution': 'uniform', 'sample_num': 'none'}
test_neg_sample_args = {'distribution': 'uniform', 'sample_num': 'none'}


/data/user_data/chunings/RecSys-Benchmark/RecBole/recbole/data/dataset/dataset.py:501: FutureWarning: A value is trying to be set on a copy of a DataFrame or Series through chained assignment using an inplace method.
The behavior will change in pandas 3.0. This inplace method will never work because the intermediate object on which we are setting values always behaves as a copy.

For example, when doing 'df[col].method(value, inplace=True)', try using 'df.method({col: value}, inplace=True)' or df[col] = df[col].method(value) instead, to perform the operation inplace on the original object.


  df[field].fillna(value="", inplace=True)
/data/user_data/chunings/RecSys-Benchmark/RecBole/recbole/data/dataset/dataset.py:1217: FutureWarning: using <built-in function len> in Series.agg cannot aggregate and has been deprecated. Use Series.transform to keep behavior unchanged.
  split_point = np.cumsum(feat[field].agg(len))[:-1]
/data/user_data/chunings/RecSys-Benchmark/RecBole/recbole/data/dataset/dataset.py:648: FutureWarning: A value is trying to be set on a copy of a DataFrame or Series through chained assignment using an inplace method.
The behavior will change in pandas 3.0. This inplace method will never work because the intermediate object on which we are setting values always behaves as a copy.

For example, when doing 'df[col].method(value, inplace=True)', try using 'df.method({col: value}, inplace=True)' or df[col] = df[col].method(value) instead, to perform the operation inplace on the original object.


  feat[field].fillna(value=0, inplace=True)
/data/user_data/chunings/RecSys-Benchmark/RecBole/recbole/data/dataset/dataset.py:650: FutureWarning: A value is trying to be set on a copy of a DataFrame or Series through chained assignment using an inplace method.
The behavior will change in pandas 3.0. This inplace method will never work because the intermediate object on which we are setting values always behaves as a copy.

For example, when doing 'df[col].method(value, inplace=True)', try using 'df.method({col: value}, inplace=True)' or df[col] = df[col].method(value) instead, to perform the operation inplace on the original object.


  feat[field].fillna(value=feat[field].mean(), inplace=True)
14 Mar 22:20    INFO  amzn-books
The number of users: 776371
Average actions of users: 12.221359660986385
The number of items: 495064
Average actions of items: 19.165837479270316
The number of inters: 9488297
The sparsity of the dataset: 99.99753136081006%
Remain Fields: ['user_id', 'item_id', 'rating', 'timestamp', 'categories', 'average_rating', 'rating_number']
14 Mar 22:23    INFO  [Training]: train_batch_size = [8192] train_neg_sample_args: [{'distribution': 'none', 'sample_num': 'none', 'alpha': 'none', 'dynamic': False, 'candidate_num': 0}]
14 Mar 22:23    INFO  [Evaluation]: eval_batch_size = [1024] eval_args: [{'split': {'LS': 'valid_and_test'}, 'order': 'TO', 'group_by': 'user', 'mode': {'valid': 'full', 'test': 'full'}}]
14 Mar 22:23    INFO  SASRecF(
  (item_embedding): Embedding(495064, 256, padding_idx=0)
  (position_embedding): Embedding(50, 256)
  (feature_embed_layer): FeatureSeqEmbLayer(
    (token_embedding_table): ModuleDict()
    (float_embedding_table): ModuleDict()
    (token_seq_embedding_table): ModuleDict(
      (item): ModuleList(
        (0): Embedding(1906, 256)
      )
    )
    (float_seq_embedding_table): ModuleDict(
      (item): ModuleList()
    )
  )
  (trm_encoder): TransformerEncoder(
    (layer): ModuleList(
      (0-3): 4 x TransformerLayer(
        (multi_head_attention): MultiHeadAttention(
          (query): Linear(in_features=256, out_features=256, bias=True)
          (key): Linear(in_features=256, out_features=256, bias=True)
          (value): Linear(in_features=256, out_features=256, bias=True)
          (softmax): Softmax(dim=-1)
          (attn_dropout): Dropout(p=0.5, inplace=False)
          (dense): Linear(in_features=256, out_features=256, bias=True)
          (LayerNorm): LayerNorm((256,), eps=1e-12, elementwise_affine=True)
          (out_dropout): Dropout(p=0.5, inplace=False)
        )
        (feed_forward): FeedForward(
          (dense_1): Linear(in_features=256, out_features=256, bias=True)
          (dense_2): Linear(in_features=256, out_features=256, bias=True)
          (LayerNorm): LayerNorm((256,), eps=1e-12, elementwise_affine=True)
          (dropout): Dropout(p=0.5, inplace=False)
        )
      )
    )
  )
  (concat_layer): Linear(in_features=512, out_features=256, bias=True)
  (LayerNorm): LayerNorm((256,), eps=1e-12, elementwise_affine=True)
  (dropout): Dropout(p=0.5, inplace=False)
  (loss_fct): CrossEntropyLoss()
)
Trainable parameters: 128952064
14 Mar 22:23    INFO  FLOPs: 85960256.0
14 Mar 22:23    ERROR  git root error: Cmd('git') failed due to: exit code(128)
  cmdline: git rev-parse --show-toplevel
  stderr: 'fatal: not a git repository: /data/user_data/chunings/RecSys-Benchmark/RecBole/../.git/modules/RecBole'
wandb: Using wandb-core as the SDK backend.  Please refer to https://wandb.me/wandb-core for more information.
wandb: Currently logged in as: chunings (chunings-carnegie-mellon-university) to https://api.wandb.ai. Use `wandb login --relogin` to force relogin
wandb: Tracking run with wandb version 0.19.8
wandb: Run data is saved locally in /data/user_data/chunings/RecSys-Benchmark/RecBole/wandb/run-20250314_222348-6ac1jvpj
wandb: Run `wandb offline` to turn off syncing.
wandb: Syncing run SASRecf_amzn-books
wandb: ⭐️ View project at https://wandb.ai/chunings-carnegie-mellon-university/RecSys-Benchmark
wandb: 🚀 View run at https://wandb.ai/chunings-carnegie-mellon-university/RecSys-Benchmark/runs/6ac1jvpj
Train     0:   0%|                                                          | 0/874 [00:00<?, ?it/s]/data/user_data/chunings/RecSys-Benchmark/RecBole/recbole/trainer/trainer.py:235: FutureWarning: `torch.cuda.amp.GradScaler(args...)` is deprecated. Please use `torch.amp.GradScaler('cuda', args...)` instead.
  scaler = amp.GradScaler(enabled=self.enable_scaler)
Train     0:   0%|                                                          | 0/874 [00:01<?, ?it/s]
Traceback (most recent call last):
  File "/data/user_data/chunings/RecSys-Benchmark/RecBole/run_recbole.py", line 49, in <module>
    run(
  File "/data/user_data/chunings/RecSys-Benchmark/RecBole/recbole/quick_start/quick_start.py", line 53, in run
    res = run_recbole(
  File "/data/user_data/chunings/RecSys-Benchmark/RecBole/recbole/quick_start/quick_start.py", line 150, in run_recbole
    best_valid_score, best_valid_result = trainer.fit(
  File "/data/user_data/chunings/RecSys-Benchmark/RecBole/recbole/trainer/trainer.py", line 439, in fit
    train_loss = self._train_epoch(
  File "/data/user_data/chunings/RecSys-Benchmark/RecBole/recbole/trainer/trainer.py", line 245, in _train_epoch
    losses = loss_func(interaction)
  File "/data/user_data/chunings/RecSys-Benchmark/RecBole/recbole/model/sequential_recommender/sasrecf.py", line 166, in calculate_loss
    loss = self.loss_fct(logits, pos_items)
  File "/home/chunings/miniconda3/envs/recsys_ben/lib/python3.10/site-packages/torch/nn/modules/module.py", line 1739, in _wrapped_call_impl
    return self._call_impl(*args, **kwargs)
  File "/home/chunings/miniconda3/envs/recsys_ben/lib/python3.10/site-packages/torch/nn/modules/module.py", line 1750, in _call_impl
    return forward_call(*args, **kwargs)
  File "/home/chunings/miniconda3/envs/recsys_ben/lib/python3.10/site-packages/torch/nn/modules/loss.py", line 1295, in forward
    return F.cross_entropy(
  File "/home/chunings/miniconda3/envs/recsys_ben/lib/python3.10/site-packages/torch/nn/functional.py", line 3494, in cross_entropy
    return torch._C._nn.cross_entropy_loss(
torch.OutOfMemoryError: CUDA out of memory. Tried to allocate 15.11 GiB. GPU 0 has a total capacity of 47.43 GiB of which 2.54 GiB is free. Including non-PyTorch memory, this process has 44.88 GiB memory in use. Of the allocated memory 43.26 GiB is allocated by PyTorch, and 1.31 GiB is reserved by PyTorch but unallocated. If reserved but unallocated memory is large try setting PYTORCH_CUDA_ALLOC_CONF=expandable_segments:True to avoid fragmentation.  See documentation for Memory Management  (https://pytorch.org/docs/stable/notes/cuda.html#environment-variables)
Traceback (most recent call last):
  File "/data/user_data/chunings/RecSys-Benchmark/RecBole/run_recbole.py", line 49, in <module>
    run(
  File "/data/user_data/chunings/RecSys-Benchmark/RecBole/recbole/quick_start/quick_start.py", line 53, in run
    res = run_recbole(
  File "/data/user_data/chunings/RecSys-Benchmark/RecBole/recbole/quick_start/quick_start.py", line 150, in run_recbole
    best_valid_score, best_valid_result = trainer.fit(
  File "/data/user_data/chunings/RecSys-Benchmark/RecBole/recbole/trainer/trainer.py", line 439, in fit
    train_loss = self._train_epoch(
  File "/data/user_data/chunings/RecSys-Benchmark/RecBole/recbole/trainer/trainer.py", line 245, in _train_epoch
    losses = loss_func(interaction)
  File "/data/user_data/chunings/RecSys-Benchmark/RecBole/recbole/model/sequential_recommender/sasrecf.py", line 166, in calculate_loss
    loss = self.loss_fct(logits, pos_items)
  File "/home/chunings/miniconda3/envs/recsys_ben/lib/python3.10/site-packages/torch/nn/modules/module.py", line 1739, in _wrapped_call_impl
    return self._call_impl(*args, **kwargs)
  File "/home/chunings/miniconda3/envs/recsys_ben/lib/python3.10/site-packages/torch/nn/modules/module.py", line 1750, in _call_impl
    return forward_call(*args, **kwargs)
  File "/home/chunings/miniconda3/envs/recsys_ben/lib/python3.10/site-packages/torch/nn/modules/loss.py", line 1295, in forward
    return F.cross_entropy(
  File "/home/chunings/miniconda3/envs/recsys_ben/lib/python3.10/site-packages/torch/nn/functional.py", line 3494, in cross_entropy
    return torch._C._nn.cross_entropy_loss(
torch.OutOfMemoryError: CUDA out of memory. Tried to allocate 15.11 GiB. GPU 0 has a total capacity of 47.43 GiB of which 2.54 GiB is free. Including non-PyTorch memory, this process has 44.88 GiB memory in use. Of the allocated memory 43.26 GiB is allocated by PyTorch, and 1.31 GiB is reserved by PyTorch but unallocated. If reserved but unallocated memory is large try setting PYTORCH_CUDA_ALLOC_CONF=expandable_segments:True to avoid fragmentation.  See documentation for Memory Management  (https://pytorch.org/docs/stable/notes/cuda.html#environment-variables)
